<html>
<body>
<pre>
<h1>µVision Build Log</h1>
<h2>Tool Versions:</h2>
IDE-Version: µVision V5.31.0.0
Copyright (C) 2020 ARM Ltd and ARM Germany GmbH. All rights reserved.
License Information: ECBME Dept. Ryerson University Flex license: MDK Professional 5.31 (Flex): 200 user(s) (mdk_pro) Operation stops: 4 Jul 2027
 
Tool Versions:
Toolchain:       MDK Professional 5.31 (Flex): 200 user(s)  Version: 5.31.0.0
Toolchain Path:  C:\Keil_v5\ARM\ARMCC\Bin
C Compiler:      Armcc.exe V5.06 update 6 (build 750)
Assembler:       Armasm.exe V5.06 update 6 (build 750)
Linker/Locator:  ArmLink.exe V5.06 update 6 (build 750)
Library Manager: ArmAr.exe V5.06 update 6 (build 750)
Hex Converter:   FromElf.exe V5.06 update 6 (build 750)
CPU DLL:         SARMCM3.DLL V5.31.0.0
Dialog DLL:      DARMP1.DLL V1.27.0.0
Target DLL:      UL2CM3.DLL V1.163.4.0
Dialog DLL:      TARMP1.DLL V1.26.0.0
 
<h2>Project:</h2>
S:\Final_Project\finalProject\finalProject.uvprojx
Project File Date:  11/27/2024

<h2>Output:</h2>
*** Using Compiler 'V5.06 update 6 (build 750)', folder: 'C:\Keil_v5\ARM\ARMCC\Bin'
Rebuild target 'Target 1'
Note: source file '.\core_cm3.c' - object file renamed from '.\Objects\core_cm3.o' to '.\Objects\core_cm3_1.o'.
Note: source file '.\startup_LPC17xx.s' - object file renamed from '.\Objects\startup_LPC17xx.o' to '.\Objects\startup_lpc17xx_1.o'.
Note: source file '.\system_LPC17xx.c' - object file renamed from '.\Objects\system_LPC17xx.o' to '.\Objects\system_lpc17xx_1.o'.
compiling Blinky.c...
KBD.h(29): warning:  #1-D: last line of file ends without a newline
  #endif
Blinky.c(229): warning:  #167-D: argument of type "char *" is incompatible with parameter of type "unsigned char *"
                                GLCD_DisplayString(5, 0, __FI, reactionTimeStr);
Blinky.c(172): warning:  #550-D: variable "startTime"  was set but never used
        uint32_t startTime = 0;
Blinky.c(467): warning:  #1-D: last line of file ends without a newline
  }
Blinky.c: 4 warnings, 0 errors
compiling GLCD_SPI_LPC1700.c...
compiling LED.c...
compiling IRQ.c...
compiling KBD.c...
KBD.h(29): warning:  #1-D: last line of file ends without a newline
  #endif
KBD.c: 1 warning, 0 errors
compiling audioMenu.c...
audioMenu.c(7): warning:  #177-D: variable "AUDIOMENU_pixel_data"  was declared but never referenced
  static const unsigned char AUDIOMENU_pixel_data[200 * 71 * 2 + 1] =
audioMenu.c: 1 warning, 0 errors
compiling haas.c...
haas.c(7): warning:  #177-D: variable "HAAS_pixel_data"  was declared but never referenced
  static const unsigned char HAAS_pixel_data[100 * 97 * 2 + 1] =
haas.c: 1 warning, 0 errors
compiling merc.c...
merc.c(7): warning:  #177-D: variable "MERC_pixel_data"  was declared but never referenced
  static const unsigned char MERC_pixel_data[100 * 100 * 2 + 1] =
merc.c: 1 warning, 0 errors
compiling redbull.c...
redbull.c(7): warning:  #177-D: variable "REDBULL_pixel_data"  was declared but never referenced
  static const unsigned char REDBULL_pixel_data[100 * 100 * 2 + 1] =
redbull.c: 1 warning, 0 errors
compiling adcuser.c...
compiling usbcore.c...
compiling usbdesc.c...
compiling usbhw.c...
compiling usbuser.c...
compiling core_cm3.c...
assembling startup_LPC17xx.s...
compiling system_LPC17xx.c...
linking...
Program Size: Code=12760 RO-data=94684 RW-data=116 ZI-data=1372  
".\Objects\finalProject.axf" - 0 Error(s), 9 Warning(s).

<h2>Software Packages used:</h2>

Package Vendor: ARM
                http://www.keil.com/pack/ARM.CMSIS.5.7.0.pack
                ARM.CMSIS.5.7.0
                CMSIS (Cortex Microcontroller Software Interface Standard)
   * Component: CORE Version: 5.4.0

Package Vendor: Keil
                http://www.keil.com/pack/Keil.LPC1700_DFP.2.6.0.pack
                Keil.LPC1700_DFP.2.6.0
                NXP LPC1700 Series Device Support, Drivers and Examples for MCB1700 and LPC1788-32

<h2>Collection of Component include folders:</h2>
  .\RTE\_Target_1
  C:\Users\ECBME\AppData\Local\Arm\Packs\ARM\CMSIS\5.7.0\CMSIS\Core\Include
  C:\Users\ECBME\AppData\Local\Arm\Packs\Keil\LPC1700_DFP\2.6.0\Device\Include

<h2>Collection of Component Files used:</h2>

   * Component: ARM::CMSIS:CORE:5.4.0
Build Time Elapsed:  00:00:06
</pre>
</body>
</html>
