Component: ARM Compiler 5.06 update 6 (build 750) Tool: armlink [4d35ed]

==============================================================================

Section Cross References

    blinky.o(.text) refers to _printf_percent.o(.ARM.Collect$$_printf_percent$$00000000) for _printf_percent
    blinky.o(.text) refers to _printf_d.o(.ARM.Collect$$_printf_percent$$00000009) for _printf_d
    blinky.o(.text) refers to _printf_dec.o(.text) for _printf_int_dec
    blinky.o(.text) refers to glcd_spi_lpc1700.o(.text) for GLCD_Clear
    blinky.o(.text) refers to kbd.o(.text) for get_button
    blinky.o(.text) refers to noretval__2sprintf.o(.text) for __2sprintf
    blinky.o(.text) refers to system_lpc17xx_1.o(.text) for SystemClockUpdate
    blinky.o(.text) refers to usbhw.o(.text) for USB_Init
    blinky.o(.text) refers to blinky.o(.data) for currentImage
    blinky.o(.text) refers to blinky.o(.constdata) for REDBULL_pixel_data
    blinky.o(.text) refers to blinky.o(.bss) for reactionTimeStr
    blinky.o(.text) refers to system_lpc17xx_1.o(.data) for SystemFrequency
    blinky.o(.text) refers to led.o(.text) for LED_Init
    blinky.o(.text) refers to adcuser.o(.data) for VolCur
    glcd_spi_lpc1700.o(.text) refers to glcd_spi_lpc1700.o(.data) for Himax
    glcd_spi_lpc1700.o(.text) refers to glcd_spi_lpc1700.o(.constdata) for Font_6x8_h
    led.o(.text) refers to led.o(.constdata) for led_mask
    irq.o(.text) refers to irq.o(.data) for ticks
    adcuser.o(.text) refers to usbcore.o(.data) for SetupPacket
    adcuser.o(.text) refers to blinky.o(.data) for Mute
    adcuser.o(.text) refers to usbcore.o(.bss) for EP0Buf
    adcuser.o(.text) refers to adcuser.o(.data) for VolCur
    usbcore.o(.text) refers to usbhw.o(.text) for USB_ReadEP
    usbcore.o(.text) refers to usbcore.o(i.USB_ReqGetStatus) for USB_ReqGetStatus
    usbcore.o(.text) refers to usbcore.o(i.USB_ReqSetClrFeature) for USB_ReqSetClrFeature
    usbcore.o(.text) refers to usbcore.o(i.USB_ReqGetDescriptor) for USB_ReqGetDescriptor
    usbcore.o(.text) refers to usbcore.o(i.USB_ReqSetConfiguration) for USB_ReqSetConfiguration
    usbcore.o(.text) refers to usbcore.o(i.USB_ReqSetInterface) for USB_ReqSetInterface
    usbcore.o(.text) refers to adcuser.o(.text) for ADC_IF_GetRequest
    usbcore.o(.text) refers to usbcore.o(.data) for USB_DeviceStatus
    usbcore.o(.text) refers to usbcore.o(.bss) for EP0Buf
    usbhw.o(.text) refers to usbhw.o(.data) for DDMemMap
    usbhw.o(.text) refers to usbhw.o(.bss) for udca
    usbhw.o(.text) refers to usbhw.o(USB_RAM) for UDCA
    usbhw.o(.text) refers to usbcore.o(.data) for USB_DeviceStatus
    usbhw.o(.text) refers to usbuser.o(.text) for USB_Reset_Event
    usbhw.o(.text) refers to usbhw.o(.constdata) for DDAdr
    usbhw.o(.text) refers to usbuser.o(.constdata) for USB_P_EP
    usbuser.o(.text) refers to usbcore.o(.text) for USB_ResetCore
    usbuser.o(.text) refers to usbhw.o(.text) for USB_DMA_BufAdr
    usbuser.o(.text) refers to blinky.o(.data) for DataBuf
    usbuser.o(.constdata) refers to usbcore.o(.text) for USB_EndPoint0
    usbuser.o(.constdata) refers to usbuser.o(.text) for USB_EndPoint3
    startup_lpc17xx_1.o(STACK) refers (Special) to heapauxi.o(.text) for __use_two_region_memory
    startup_lpc17xx_1.o(HEAP) refers (Special) to heapauxi.o(.text) for __use_two_region_memory
    startup_lpc17xx_1.o(RESET) refers (Special) to heapauxi.o(.text) for __use_two_region_memory
    startup_lpc17xx_1.o(RESET) refers to startup_lpc17xx_1.o(STACK) for __initial_sp
    startup_lpc17xx_1.o(RESET) refers to startup_lpc17xx_1.o(.text) for Reset_Handler
    startup_lpc17xx_1.o(RESET) refers to irq.o(.text) for SysTick_Handler
    startup_lpc17xx_1.o(RESET) refers to blinky.o(.text) for TIMER0_IRQHandler
    startup_lpc17xx_1.o(RESET) refers to usbhw.o(.text) for USB_IRQHandler
    startup_lpc17xx_1.o(.ARM.__at_0x02FC) refers (Special) to heapauxi.o(.text) for __use_two_region_memory
    startup_lpc17xx_1.o(.text) refers (Special) to heapauxi.o(.text) for __use_two_region_memory
    startup_lpc17xx_1.o(.text) refers to system_lpc17xx_1.o(.text) for SystemInit
    startup_lpc17xx_1.o(.text) refers to __main.o(!!!main) for __main
    startup_lpc17xx_1.o(.text) refers to startup_lpc17xx_1.o(HEAP) for Heap_Mem
    startup_lpc17xx_1.o(.text) refers to startup_lpc17xx_1.o(STACK) for Stack_Mem
    system_lpc17xx_1.o(.text) refers to lludivv7m.o(.text) for __aeabi_uldivmod
    system_lpc17xx_1.o(.text) refers to system_lpc17xx_1.o(.data) for SystemCoreClock
    __2sprintf.o(.text) refers to _printf_char_common.o(.text) for _printf_char_common
    __2sprintf.o(.text) refers to _sputc.o(.text) for _sputc
    noretval__2sprintf.o(.text) refers to _printf_char_common.o(.text) for _printf_char_common
    noretval__2sprintf.o(.text) refers to _sputc.o(.text) for _sputc
    __printf.o(.text) refers to _printf_percent.o(.ARM.Collect$$_printf_percent$$00000000) for _printf_percent
    _printf_dec.o(.text) refers to _printf_intcommon.o(.text) for _printf_int_common
    __printf_flags.o(.text) refers to _printf_percent.o(.ARM.Collect$$_printf_percent$$00000000) for _printf_percent
    __printf_flags.o(.text) refers to __printf_flags.o(.constdata) for .constdata
    __printf_ss.o(.text) refers to _printf_percent.o(.ARM.Collect$$_printf_percent$$00000000) for _printf_percent
    __printf_flags_ss.o(.text) refers to _printf_percent.o(.ARM.Collect$$_printf_percent$$00000000) for _printf_percent
    __printf_flags_ss.o(.text) refers to __printf_flags_ss.o(.constdata) for .constdata
    __printf_wp.o(.text) refers to __printf_wp.o(i._is_digit) for _is_digit
    __printf_wp.o(.text) refers to _printf_percent.o(.ARM.Collect$$_printf_percent$$00000000) for _printf_percent
    __printf_flags_wp.o(.text) refers to __printf_wp.o(i._is_digit) for _is_digit
    __printf_flags_wp.o(.text) refers to _printf_percent.o(.ARM.Collect$$_printf_percent$$00000000) for _printf_percent
    __printf_flags_wp.o(.text) refers to __printf_flags_wp.o(.constdata) for .constdata
    __printf_ss_wp.o(.text) refers to __printf_wp.o(i._is_digit) for _is_digit
    __printf_ss_wp.o(.text) refers to _printf_percent.o(.ARM.Collect$$_printf_percent$$00000000) for _printf_percent
    __printf_flags_ss_wp.o(.text) refers to __printf_wp.o(i._is_digit) for _is_digit
    __printf_flags_ss_wp.o(.text) refers to _printf_percent.o(.ARM.Collect$$_printf_percent$$00000000) for _printf_percent
    __printf_flags_ss_wp.o(.text) refers to __printf_flags_ss_wp.o(.constdata) for .constdata
    _printf_d.o(.ARM.Collect$$_printf_percent$$00000009) refers (Weak) to _printf_dec.o(.text) for _printf_int_dec
    _printf_percent.o(.ARM.Collect$$_printf_percent$$00000000) refers (Special) to _printf_percent_end.o(.ARM.Collect$$_printf_percent$$00000017) for _printf_percent_end
    __main.o(!!!main) refers to __rtentry.o(.ARM.Collect$$rtentry$$00000000) for __rt_entry
    __rtentry.o(.ARM.Collect$$rtentry$$00000000) refers (Special) to __rtentry2.o(.ARM.Collect$$rtentry$$0000000A) for __rt_entry_li
    __rtentry.o(.ARM.Collect$$rtentry$$00000000) refers (Special) to __rtentry2.o(.ARM.Collect$$rtentry$$0000000D) for __rt_entry_main
    __rtentry.o(.ARM.Collect$$rtentry$$00000000) refers (Special) to __rtentry2.o(.ARM.Collect$$rtentry$$0000000C) for __rt_entry_postli_1
    __rtentry.o(.ARM.Collect$$rtentry$$00000000) refers (Special) to __rtentry2.o(.ARM.Collect$$rtentry$$00000009) for __rt_entry_postsh_1
    __rtentry.o(.ARM.Collect$$rtentry$$00000000) refers (Special) to __rtentry2.o(.ARM.Collect$$rtentry$$00000002) for __rt_entry_presh_1
    __rtentry.o(.ARM.Collect$$rtentry$$00000000) refers (Special) to __rtentry4.o(.ARM.Collect$$rtentry$$00000004) for __rt_entry_sh
    aeabi_ldiv0_sigfpe.o(.text) refers to rt_div0.o(.text) for __rt_div0
    _printf_char_common.o(.text) refers to __printf.o(.text) for __printf
    __rtentry2.o(.ARM.Collect$$rtentry$$00000008) refers to boardinit2.o(.text) for _platform_post_stackheap_init
    __rtentry2.o(.ARM.Collect$$rtentry$$0000000A) refers to libinit.o(.ARM.Collect$$libinit$$00000000) for __rt_lib_init
    __rtentry2.o(.ARM.Collect$$rtentry$$0000000B) refers to boardinit3.o(.text) for _platform_post_lib_init
    __rtentry2.o(.ARM.Collect$$rtentry$$0000000D) refers to blinky.o(.text) for main
    __rtentry2.o(.ARM.Collect$$rtentry$$0000000D) refers to exit.o(.text) for exit
    __rtentry2.o(.ARM.exidx) refers to __rtentry2.o(.ARM.Collect$$rtentry$$00000001) for .ARM.Collect$$rtentry$$00000001
    __rtentry2.o(.ARM.exidx) refers to __rtentry2.o(.ARM.Collect$$rtentry$$00000008) for .ARM.Collect$$rtentry$$00000008
    __rtentry2.o(.ARM.exidx) refers to __rtentry2.o(.ARM.Collect$$rtentry$$0000000A) for .ARM.Collect$$rtentry$$0000000A
    __rtentry2.o(.ARM.exidx) refers to __rtentry2.o(.ARM.Collect$$rtentry$$0000000B) for .ARM.Collect$$rtentry$$0000000B
    __rtentry2.o(.ARM.exidx) refers to __rtentry2.o(.ARM.Collect$$rtentry$$0000000D) for .ARM.Collect$$rtentry$$0000000D
    __rtentry4.o(.ARM.Collect$$rtentry$$00000004) refers to sys_stackheap_outer.o(.text) for __user_setup_stackheap
    __rtentry4.o(.ARM.exidx) refers to __rtentry4.o(.ARM.Collect$$rtentry$$00000004) for .ARM.Collect$$rtentry$$00000004
    rt_div0.o(.text) refers to defsig_fpe_outer.o(.text) for __rt_SIGFPE
    sys_stackheap_outer.o(.text) refers to libspace.o(.text) for __user_perproc_libspace
    sys_stackheap_outer.o(.text) refers to startup_lpc17xx_1.o(.text) for __user_initial_stackheap
    exit.o(.text) refers to rtexit.o(.ARM.Collect$$rtexit$$00000000) for __rt_exit
    defsig_fpe_outer.o(.text) refers to defsig_fpe_inner.o(.text) for __rt_SIGFPE_inner
    defsig_fpe_outer.o(.text) refers to defsig_exit.o(.text) for __sig_exit
    defsig_fpe_formal.o(.text) refers to rt_raise.o(.text) for __rt_raise
    libinit.o(.ARM.Collect$$libinit$$00000000) refers (Special) to libinit2.o(.ARM.Collect$$libinit$$0000002E) for __rt_lib_init_alloca_1
    libinit.o(.ARM.Collect$$libinit$$00000000) refers (Special) to libinit2.o(.ARM.Collect$$libinit$$0000002C) for __rt_lib_init_argv_1
    libinit.o(.ARM.Collect$$libinit$$00000000) refers (Special) to libinit2.o(.ARM.Collect$$libinit$$0000001B) for __rt_lib_init_atexit_1
    libinit.o(.ARM.Collect$$libinit$$00000000) refers (Special) to libinit2.o(.ARM.Collect$$libinit$$00000021) for __rt_lib_init_clock_1
    libinit.o(.ARM.Collect$$libinit$$00000000) refers (Special) to libinit2.o(.ARM.Collect$$libinit$$00000032) for __rt_lib_init_cpp_1
    libinit.o(.ARM.Collect$$libinit$$00000000) refers (Special) to libinit2.o(.ARM.Collect$$libinit$$00000030) for __rt_lib_init_exceptions_1
    libinit.o(.ARM.Collect$$libinit$$00000000) refers (Special) to libinit2.o(.ARM.Collect$$libinit$$00000002) for __rt_lib_init_fp_1
    libinit.o(.ARM.Collect$$libinit$$00000000) refers (Special) to libinit2.o(.ARM.Collect$$libinit$$0000001F) for __rt_lib_init_fp_trap_1
    libinit.o(.ARM.Collect$$libinit$$00000000) refers (Special) to libinit2.o(.ARM.Collect$$libinit$$00000023) for __rt_lib_init_getenv_1
    libinit.o(.ARM.Collect$$libinit$$00000000) refers (Special) to libinit2.o(.ARM.Collect$$libinit$$0000000A) for __rt_lib_init_heap_1
    libinit.o(.ARM.Collect$$libinit$$00000000) refers (Special) to libinit2.o(.ARM.Collect$$libinit$$00000011) for __rt_lib_init_lc_collate_1
    libinit.o(.ARM.Collect$$libinit$$00000000) refers (Special) to libinit2.o(.ARM.Collect$$libinit$$00000013) for __rt_lib_init_lc_ctype_1
    libinit.o(.ARM.Collect$$libinit$$00000000) refers (Special) to libinit2.o(.ARM.Collect$$libinit$$00000015) for __rt_lib_init_lc_monetary_1
    libinit.o(.ARM.Collect$$libinit$$00000000) refers (Special) to libinit2.o(.ARM.Collect$$libinit$$00000017) for __rt_lib_init_lc_numeric_1
    libinit.o(.ARM.Collect$$libinit$$00000000) refers (Special) to libinit2.o(.ARM.Collect$$libinit$$00000019) for __rt_lib_init_lc_time_1
    libinit.o(.ARM.Collect$$libinit$$00000000) refers (Special) to libinit2.o(.ARM.Collect$$libinit$$00000004) for __rt_lib_init_preinit_1
    libinit.o(.ARM.Collect$$libinit$$00000000) refers (Special) to libinit2.o(.ARM.Collect$$libinit$$0000000E) for __rt_lib_init_rand_1
    libinit.o(.ARM.Collect$$libinit$$00000000) refers (Special) to libinit2.o(.ARM.Collect$$libinit$$00000033) for __rt_lib_init_return
    libinit.o(.ARM.Collect$$libinit$$00000000) refers (Special) to libinit2.o(.ARM.Collect$$libinit$$0000001D) for __rt_lib_init_signal_1
    libinit.o(.ARM.Collect$$libinit$$00000000) refers (Special) to libinit2.o(.ARM.Collect$$libinit$$00000025) for __rt_lib_init_stdio_1
    libinit.o(.ARM.Collect$$libinit$$00000000) refers (Special) to libinit2.o(.ARM.Collect$$libinit$$0000000C) for __rt_lib_init_user_alloc_1
    libspace.o(.text) refers to libspace.o(.bss) for __libspace_start
    rtexit.o(.ARM.Collect$$rtexit$$00000000) refers (Special) to rtexit2.o(.ARM.Collect$$rtexit$$00000004) for __rt_exit_exit
    rtexit.o(.ARM.Collect$$rtexit$$00000000) refers (Special) to rtexit2.o(.ARM.Collect$$rtexit$$00000003) for __rt_exit_ls
    rtexit.o(.ARM.Collect$$rtexit$$00000000) refers (Special) to rtexit2.o(.ARM.Collect$$rtexit$$00000002) for __rt_exit_prels_1
    rtexit.o(.ARM.exidx) refers (Special) to rtexit2.o(.ARM.Collect$$rtexit$$00000004) for __rt_exit_exit
    rtexit.o(.ARM.exidx) refers (Special) to rtexit2.o(.ARM.Collect$$rtexit$$00000003) for __rt_exit_ls
    rtexit.o(.ARM.exidx) refers (Special) to rtexit2.o(.ARM.Collect$$rtexit$$00000002) for __rt_exit_prels_1
    rtexit.o(.ARM.exidx) refers to rtexit.o(.ARM.Collect$$rtexit$$00000000) for .ARM.Collect$$rtexit$$00000000
    rt_raise.o(.text) refers to __raise.o(.text) for __raise
    rt_raise.o(.text) refers to sys_exit.o(.text) for _sys_exit
    defsig_exit.o(.text) refers to sys_exit.o(.text) for _sys_exit
    defsig_fpe_inner.o(.text) refers to defsig_general.o(.text) for __default_signal_display
    libinit2.o(.ARM.Collect$$libinit$$00000010) refers to libinit2.o(.ARM.Collect$$libinit$$0000000F) for .ARM.Collect$$libinit$$0000000F
    libinit2.o(.ARM.Collect$$libinit$$00000012) refers to libinit2.o(.ARM.Collect$$libinit$$0000000F) for .ARM.Collect$$libinit$$0000000F
    libinit2.o(.ARM.Collect$$libinit$$00000014) refers to libinit2.o(.ARM.Collect$$libinit$$0000000F) for .ARM.Collect$$libinit$$0000000F
    libinit2.o(.ARM.Collect$$libinit$$00000016) refers to libinit2.o(.ARM.Collect$$libinit$$0000000F) for .ARM.Collect$$libinit$$0000000F
    libinit2.o(.ARM.Collect$$libinit$$00000018) refers to libinit2.o(.ARM.Collect$$libinit$$0000000F) for .ARM.Collect$$libinit$$0000000F
    libinit2.o(.ARM.Collect$$libinit$$00000026) refers to argv_veneer.o(.emb_text) for __ARM_argv_veneer
    libinit2.o(.ARM.Collect$$libinit$$00000027) refers to argv_veneer.o(.emb_text) for __ARM_argv_veneer
    sys_exit.o(.text) refers (Special) to use_no_semi.o(.text) for __I$use$semihosting
    sys_exit.o(.text) refers (Special) to indicate_semi.o(.text) for __semihosting_library_function
    rtexit2.o(.ARM.Collect$$rtexit$$00000003) refers to libshutdown.o(.ARM.Collect$$libshutdown$$00000000) for __rt_lib_shutdown
    rtexit2.o(.ARM.Collect$$rtexit$$00000004) refers to sys_exit.o(.text) for _sys_exit
    rtexit2.o(.ARM.exidx) refers to rtexit2.o(.ARM.Collect$$rtexit$$00000001) for .ARM.Collect$$rtexit$$00000001
    rtexit2.o(.ARM.exidx) refers to rtexit2.o(.ARM.Collect$$rtexit$$00000003) for .ARM.Collect$$rtexit$$00000003
    rtexit2.o(.ARM.exidx) refers to rtexit2.o(.ARM.Collect$$rtexit$$00000004) for .ARM.Collect$$rtexit$$00000004
    __raise.o(.text) refers to defsig.o(CL$$defsig) for __default_signal_handler
    defsig_general.o(.text) refers to sys_wrch.o(.text) for _ttywrch
    argv_veneer.o(.emb_text) refers to no_argv.o(.text) for __ARM_get_argv
    sys_wrch.o(.text) refers (Special) to use_no_semi.o(.text) for __I$use$semihosting
    sys_wrch.o(.text) refers (Special) to indicate_semi.o(.text) for __semihosting_library_function
    defsig.o(CL$$defsig) refers to defsig_fpe_inner.o(.text) for __rt_SIGFPE_inner
    defsig.o(CL$$defsig) refers to defsig_rtmem_inner.o(.text) for __rt_SIGRTMEM_inner
    _get_argv_nomalloc.o(.text) refers (Special) to hrguard.o(.text) for __heap_region$guard
    _get_argv_nomalloc.o(.text) refers to defsig_rtmem_outer.o(.text) for __rt_SIGRTMEM
    _get_argv_nomalloc.o(.text) refers to sys_command.o(.text) for _sys_command_string
    libshutdown.o(.ARM.Collect$$libshutdown$$00000000) refers (Special) to libshutdown2.o(.ARM.Collect$$libshutdown$$00000002) for __rt_lib_shutdown_cpp_1
    libshutdown.o(.ARM.Collect$$libshutdown$$00000000) refers (Special) to libshutdown2.o(.ARM.Collect$$libshutdown$$00000007) for __rt_lib_shutdown_fp_trap_1
    libshutdown.o(.ARM.Collect$$libshutdown$$00000000) refers (Special) to libshutdown2.o(.ARM.Collect$$libshutdown$$0000000F) for __rt_lib_shutdown_heap_1
    libshutdown.o(.ARM.Collect$$libshutdown$$00000000) refers (Special) to libshutdown2.o(.ARM.Collect$$libshutdown$$00000010) for __rt_lib_shutdown_return
    libshutdown.o(.ARM.Collect$$libshutdown$$00000000) refers (Special) to libshutdown2.o(.ARM.Collect$$libshutdown$$0000000A) for __rt_lib_shutdown_signal_1
    libshutdown.o(.ARM.Collect$$libshutdown$$00000000) refers (Special) to libshutdown2.o(.ARM.Collect$$libshutdown$$00000004) for __rt_lib_shutdown_stdio_1
    libshutdown.o(.ARM.Collect$$libshutdown$$00000000) refers (Special) to libshutdown2.o(.ARM.Collect$$libshutdown$$0000000C) for __rt_lib_shutdown_user_alloc_1
    sys_command.o(.text) refers (Special) to use_no_semi.o(.text) for __I$use$semihosting
    sys_command.o(.text) refers (Special) to indicate_semi.o(.text) for __semihosting_library_function
    defsig_abrt_inner.o(.text) refers to defsig_general.o(.text) for __default_signal_display
    defsig_rtred_inner.o(.text) refers to defsig_general.o(.text) for __default_signal_display
    defsig_rtmem_inner.o(.text) refers to defsig_general.o(.text) for __default_signal_display
    defsig_rtmem_outer.o(.text) refers to defsig_rtmem_inner.o(.text) for __rt_SIGRTMEM_inner
    defsig_rtmem_outer.o(.text) refers to defsig_exit.o(.text) for __sig_exit
    defsig_rtmem_formal.o(.text) refers to rt_raise.o(.text) for __rt_raise
    defsig_stak_inner.o(.text) refers to defsig_general.o(.text) for __default_signal_display
    defsig_pvfn_inner.o(.text) refers to defsig_general.o(.text) for __default_signal_display
    defsig_cppl_inner.o(.text) refers to defsig_general.o(.text) for __default_signal_display
    defsig_segv_inner.o(.text) refers to defsig_general.o(.text) for __default_signal_display
    defsig_other.o(.text) refers to defsig_general.o(.text) for __default_signal_display
    usbcore.o(i.USB_ReqGetStatus) refers to usbcore.o(.data) for SetupPacket
    usbcore.o(i.USB_ReqGetStatus) refers to usbcore.o(.bss) for EP0Buf
    usbcore.o(i.USB_ReqSetClrFeature) refers to usbhw.o(.text) for USB_WakeUpCfg
    usbcore.o(i.USB_ReqSetClrFeature) refers to usbcore.o(.data) for SetupPacket
    usbcore.o(i.USB_ReqGetDescriptor) refers to usbcore.o(.data) for SetupPacket
    usbcore.o(i.USB_ReqGetDescriptor) refers to usbdesc.o(.constdata) for USB_DeviceDescriptor
    usbcore.o(i.USB_ReqSetConfiguration) refers to usbhw.o(.text) for USB_DisableEP
    usbcore.o(i.USB_ReqSetConfiguration) refers to usbcore.o(.data) for SetupPacket
    usbcore.o(i.USB_ReqSetConfiguration) refers to usbdesc.o(.constdata) for USB_ConfigDescriptor
    usbcore.o(i.USB_ReqSetInterface) refers to usbhw.o(.text) for USB_ConfigEP
    usbcore.o(i.USB_ReqSetInterface) refers to usbcore.o(.data) for SetupPacket
    usbcore.o(i.USB_ReqSetInterface) refers to usbdesc.o(.constdata) for USB_ConfigDescriptor


==============================================================================

Removing Unused input sections from the image.

    Removing glcd_spi_lpc1700.o(.rev16_text), (4 bytes).
    Removing glcd_spi_lpc1700.o(.revsh_text), (4 bytes).
    Removing glcd_spi_lpc1700.o(.rrx_text), (6 bytes).
    Removing kbd.o(.rev16_text), (4 bytes).
    Removing kbd.o(.revsh_text), (4 bytes).
    Removing kbd.o(.rrx_text), (6 bytes).
    Removing kbd.o(.data), (4 bytes).
    Removing audiomenu.o(.constdata), (28401 bytes).
    Removing haas.o(.constdata), (19401 bytes).
    Removing merc.o(.constdata), (20001 bytes).
    Removing redbull.o(.constdata), (20001 bytes).
    Removing adcuser.o(.constdata), (6 bytes).
    Removing core_cm3_1.o(.emb_text), (32 bytes).

13 unused section(s) (total 87874 bytes) removed from the image.

==============================================================================

Image Symbol Table

    Local Symbols

    Symbol Name                              Value     Ov Type        Size  Object(Section)

    RESET                                    0x00000000   Section      204  startup_lpc17xx_1.o(RESET)
    ../clib/angel/boardlib.s                 0x00000000   Number         0  boardshut.o ABSOLUTE
    ../clib/angel/boardlib.s                 0x00000000   Number         0  boardinit3.o ABSOLUTE
    ../clib/angel/boardlib.s                 0x00000000   Number         0  boardinit1.o ABSOLUTE
    ../clib/angel/boardlib.s                 0x00000000   Number         0  boardinit2.o ABSOLUTE
    ../clib/angel/handlers.s                 0x00000000   Number         0  __scatter_zi.o ABSOLUTE
    ../clib/angel/handlers.s                 0x00000000   Number         0  __scatter_copy.o ABSOLUTE
    ../clib/angel/kernel.s                   0x00000000   Number         0  rtexit2.o ABSOLUTE
    ../clib/angel/kernel.s                   0x00000000   Number         0  __rtentry4.o ABSOLUTE
    ../clib/angel/kernel.s                   0x00000000   Number         0  __rtentry2.o ABSOLUTE
    ../clib/angel/kernel.s                   0x00000000   Number         0  __rtentry.o ABSOLUTE
    ../clib/angel/kernel.s                   0x00000000   Number         0  rtexit.o ABSOLUTE
    ../clib/angel/rt.s                       0x00000000   Number         0  rt_div0.o ABSOLUTE
    ../clib/angel/rt.s                       0x00000000   Number         0  aeabi_ldiv0.o ABSOLUTE
    ../clib/angel/rt.s                       0x00000000   Number         0  aeabi_ldiv0_sigfpe.o ABSOLUTE
    ../clib/angel/rt.s                       0x00000000   Number         0  rt_raise.o ABSOLUTE
    ../clib/angel/scatter.s                  0x00000000   Number         0  __scatter.o ABSOLUTE
    ../clib/angel/startup.s                  0x00000000   Number         0  __main.o ABSOLUTE
    ../clib/angel/sys.s                      0x00000000   Number         0  use_no_semi.o ABSOLUTE
    ../clib/angel/sys.s                      0x00000000   Number         0  indicate_semi.o ABSOLUTE
    ../clib/angel/sys.s                      0x00000000   Number         0  sys_stackheap_outer.o ABSOLUTE
    ../clib/angel/sys.s                      0x00000000   Number         0  libspace.o ABSOLUTE
    ../clib/angel/sysapp.c                   0x00000000   Number         0  sys_wrch.o ABSOLUTE
    ../clib/angel/sysapp.c                   0x00000000   Number         0  sys_exit.o ABSOLUTE
    ../clib/angel/sysapp.c                   0x00000000   Number         0  sys_command.o ABSOLUTE
    ../clib/armsys.c                         0x00000000   Number         0  argv_veneer.o ABSOLUTE
    ../clib/armsys.c                         0x00000000   Number         0  argv_veneer.o ABSOLUTE
    ../clib/armsys.c                         0x00000000   Number         0  _get_argv_nomalloc.o ABSOLUTE
    ../clib/armsys.c                         0x00000000   Number         0  no_argv.o ABSOLUTE
    ../clib/heapalloc.c                      0x00000000   Number         0  hrguard.o ABSOLUTE
    ../clib/heapaux.c                        0x00000000   Number         0  heapauxi.o ABSOLUTE
    ../clib/libinit.s                        0x00000000   Number         0  libinit2.o ABSOLUTE
    ../clib/libinit.s                        0x00000000   Number         0  libinit.o ABSOLUTE
    ../clib/libinit.s                        0x00000000   Number         0  libshutdown2.o ABSOLUTE
    ../clib/libinit.s                        0x00000000   Number         0  libshutdown.o ABSOLUTE
    ../clib/longlong.s                       0x00000000   Number         0  lludivv7m.o ABSOLUTE
    ../clib/printf.c                         0x00000000   Number         0  __printf_flags_wp.o ABSOLUTE
    ../clib/printf.c                         0x00000000   Number         0  __printf_ss_wp.o ABSOLUTE
    ../clib/printf.c                         0x00000000   Number         0  __printf_flags_ss_wp.o ABSOLUTE
    ../clib/printf.c                         0x00000000   Number         0  __printf_ss.o ABSOLUTE
    ../clib/printf.c                         0x00000000   Number         0  __printf_flags_ss.o ABSOLUTE
    ../clib/printf.c                         0x00000000   Number         0  _sputc.o ABSOLUTE
    ../clib/printf.c                         0x00000000   Number         0  _printf_char_common.o ABSOLUTE
    ../clib/printf.c                         0x00000000   Number         0  _printf_intcommon.o ABSOLUTE
    ../clib/printf.c                         0x00000000   Number         0  noretval__2sprintf.o ABSOLUTE
    ../clib/printf.c                         0x00000000   Number         0  __printf_wp.o ABSOLUTE
    ../clib/printf.c                         0x00000000   Number         0  __2sprintf.o ABSOLUTE
    ../clib/printf.c                         0x00000000   Number         0  __printf.o ABSOLUTE
    ../clib/printf.c                         0x00000000   Number         0  __printf_nopercent.o ABSOLUTE
    ../clib/printf.c                         0x00000000   Number         0  _printf_dec.o ABSOLUTE
    ../clib/printf.c                         0x00000000   Number         0  __printf_flags.o ABSOLUTE
    ../clib/printf_percent.s                 0x00000000   Number         0  _printf_d.o ABSOLUTE
    ../clib/printf_percent.s                 0x00000000   Number         0  _printf_percent.o ABSOLUTE
    ../clib/printf_percent.s                 0x00000000   Number         0  _printf_percent_end.o ABSOLUTE
    ../clib/signal.c                         0x00000000   Number         0  defsig_rtred_inner.o ABSOLUTE
    ../clib/signal.c                         0x00000000   Number         0  defsig_abrt_inner.o ABSOLUTE
    ../clib/signal.c                         0x00000000   Number         0  defsig_general.o ABSOLUTE
    ../clib/signal.c                         0x00000000   Number         0  __raise.o ABSOLUTE
    ../clib/signal.c                         0x00000000   Number         0  defsig_rtmem_inner.o ABSOLUTE
    ../clib/signal.c                         0x00000000   Number         0  defsig_other.o ABSOLUTE
    ../clib/signal.c                         0x00000000   Number         0  defsig_rtmem_outer.o ABSOLUTE
    ../clib/signal.c                         0x00000000   Number         0  defsig_fpe_inner.o ABSOLUTE
    ../clib/signal.c                         0x00000000   Number         0  defsig_fpe_outer.o ABSOLUTE
    ../clib/signal.c                         0x00000000   Number         0  defsig_fpe_formal.o ABSOLUTE
    ../clib/signal.c                         0x00000000   Number         0  defsig_segv_inner.o ABSOLUTE
    ../clib/signal.c                         0x00000000   Number         0  defsig_exit.o ABSOLUTE
    ../clib/signal.c                         0x00000000   Number         0  defsig_rtmem_formal.o ABSOLUTE
    ../clib/signal.c                         0x00000000   Number         0  defsig_cppl_inner.o ABSOLUTE
    ../clib/signal.c                         0x00000000   Number         0  defsig_stak_inner.o ABSOLUTE
    ../clib/signal.c                         0x00000000   Number         0  defsig_pvfn_inner.o ABSOLUTE
    ../clib/signal.s                         0x00000000   Number         0  defsig.o ABSOLUTE
    ../clib/stdlib.c                         0x00000000   Number         0  exit.o ABSOLUTE
    ../fplib/fpinit.s                        0x00000000   Number         0  fpinit.o ABSOLUTE
    Blinky.c                                 0x00000000   Number         0  blinky.o ABSOLUTE
    GLCD_SPI_LPC1700.c                       0x00000000   Number         0  glcd_spi_lpc1700.o ABSOLUTE
    GLCD_SPI_LPC1700.c                       0x00000000   Number         0  glcd_spi_lpc1700.o ABSOLUTE
    IRQ.c                                    0x00000000   Number         0  irq.o ABSOLUTE
    KBD.c                                    0x00000000   Number         0  kbd.o ABSOLUTE
    KBD.c                                    0x00000000   Number         0  kbd.o ABSOLUTE
    LED.c                                    0x00000000   Number         0  led.o ABSOLUTE
    adcuser.c                                0x00000000   Number         0  adcuser.o ABSOLUTE
    audioMenu.c                              0x00000000   Number         0  audiomenu.o ABSOLUTE
    core_cm3.c                               0x00000000   Number         0  core_cm3_1.o ABSOLUTE
    core_cm3.c                               0x00000000   Number         0  core_cm3_1.o ABSOLUTE
    dc.s                                     0x00000000   Number         0  dc.o ABSOLUTE
    haas.c                                   0x00000000   Number         0  haas.o ABSOLUTE
    merc.c                                   0x00000000   Number         0  merc.o ABSOLUTE
    redbull.c                                0x00000000   Number         0  redbull.o ABSOLUTE
    startup_LPC17xx.s                        0x00000000   Number         0  startup_lpc17xx_1.o ABSOLUTE
    system_LPC17xx.c                         0x00000000   Number         0  system_lpc17xx_1.o ABSOLUTE
    usbcore.c                                0x00000000   Number         0  usbcore.o ABSOLUTE
    usbdesc.c                                0x00000000   Number         0  usbdesc.o ABSOLUTE
    usbhw.c                                  0x00000000   Number         0  usbhw.o ABSOLUTE
    usbuser.c                                0x00000000   Number         0  usbuser.o ABSOLUTE
    !!!main                                  0x000000cc   Section        8  __main.o(!!!main)
    !!!scatter                               0x000000d4   Section       52  __scatter.o(!!!scatter)
    !!handler_copy                           0x00000108   Section       26  __scatter_copy.o(!!handler_copy)
    !!handler_zi                             0x00000124   Section       28  __scatter_zi.o(!!handler_zi)
    .ARM.Collect$$_printf_percent$$00000000  0x00000140   Section        0  _printf_percent.o(.ARM.Collect$$_printf_percent$$00000000)
    .ARM.Collect$$_printf_percent$$00000009  0x00000140   Section        6  _printf_d.o(.ARM.Collect$$_printf_percent$$00000009)
    .ARM.Collect$$_printf_percent$$00000017  0x00000146   Section        4  _printf_percent_end.o(.ARM.Collect$$_printf_percent$$00000017)
    .ARM.Collect$$libinit$$00000000          0x0000014a   Section        2  libinit.o(.ARM.Collect$$libinit$$00000000)
    .ARM.Collect$$libinit$$00000002          0x0000014c   Section        0  libinit2.o(.ARM.Collect$$libinit$$00000002)
    .ARM.Collect$$libinit$$00000004          0x0000014c   Section        0  libinit2.o(.ARM.Collect$$libinit$$00000004)
    .ARM.Collect$$libinit$$0000000A          0x0000014c   Section        0  libinit2.o(.ARM.Collect$$libinit$$0000000A)
    .ARM.Collect$$libinit$$0000000C          0x0000014c   Section        0  libinit2.o(.ARM.Collect$$libinit$$0000000C)
    .ARM.Collect$$libinit$$0000000E          0x0000014c   Section        0  libinit2.o(.ARM.Collect$$libinit$$0000000E)
    .ARM.Collect$$libinit$$00000011          0x0000014c   Section        0  libinit2.o(.ARM.Collect$$libinit$$00000011)
    .ARM.Collect$$libinit$$00000013          0x0000014c   Section        0  libinit2.o(.ARM.Collect$$libinit$$00000013)
    .ARM.Collect$$libinit$$00000015          0x0000014c   Section        0  libinit2.o(.ARM.Collect$$libinit$$00000015)
    .ARM.Collect$$libinit$$00000017          0x0000014c   Section        0  libinit2.o(.ARM.Collect$$libinit$$00000017)
    .ARM.Collect$$libinit$$00000019          0x0000014c   Section        0  libinit2.o(.ARM.Collect$$libinit$$00000019)
    .ARM.Collect$$libinit$$0000001B          0x0000014c   Section        0  libinit2.o(.ARM.Collect$$libinit$$0000001B)
    .ARM.Collect$$libinit$$0000001D          0x0000014c   Section        0  libinit2.o(.ARM.Collect$$libinit$$0000001D)
    .ARM.Collect$$libinit$$0000001F          0x0000014c   Section        0  libinit2.o(.ARM.Collect$$libinit$$0000001F)
    .ARM.Collect$$libinit$$00000021          0x0000014c   Section        0  libinit2.o(.ARM.Collect$$libinit$$00000021)
    .ARM.Collect$$libinit$$00000023          0x0000014c   Section        0  libinit2.o(.ARM.Collect$$libinit$$00000023)
    .ARM.Collect$$libinit$$00000025          0x0000014c   Section        0  libinit2.o(.ARM.Collect$$libinit$$00000025)
    .ARM.Collect$$libinit$$0000002C          0x0000014c   Section        0  libinit2.o(.ARM.Collect$$libinit$$0000002C)
    .ARM.Collect$$libinit$$0000002E          0x0000014c   Section        0  libinit2.o(.ARM.Collect$$libinit$$0000002E)
    .ARM.Collect$$libinit$$00000030          0x0000014c   Section        0  libinit2.o(.ARM.Collect$$libinit$$00000030)
    .ARM.Collect$$libinit$$00000032          0x0000014c   Section        0  libinit2.o(.ARM.Collect$$libinit$$00000032)
    .ARM.Collect$$libinit$$00000033          0x0000014c   Section        2  libinit2.o(.ARM.Collect$$libinit$$00000033)
    .ARM.Collect$$libshutdown$$00000000      0x0000014e   Section        2  libshutdown.o(.ARM.Collect$$libshutdown$$00000000)
    .ARM.Collect$$libshutdown$$00000002      0x00000150   Section        0  libshutdown2.o(.ARM.Collect$$libshutdown$$00000002)
    .ARM.Collect$$libshutdown$$00000004      0x00000150   Section        0  libshutdown2.o(.ARM.Collect$$libshutdown$$00000004)
    .ARM.Collect$$libshutdown$$00000007      0x00000150   Section        0  libshutdown2.o(.ARM.Collect$$libshutdown$$00000007)
    .ARM.Collect$$libshutdown$$0000000A      0x00000150   Section        0  libshutdown2.o(.ARM.Collect$$libshutdown$$0000000A)
    .ARM.Collect$$libshutdown$$0000000C      0x00000150   Section        0  libshutdown2.o(.ARM.Collect$$libshutdown$$0000000C)
    .ARM.Collect$$libshutdown$$0000000F      0x00000150   Section        0  libshutdown2.o(.ARM.Collect$$libshutdown$$0000000F)
    .ARM.Collect$$libshutdown$$00000010      0x00000150   Section        2  libshutdown2.o(.ARM.Collect$$libshutdown$$00000010)
    .ARM.Collect$$rtentry$$00000000          0x00000152   Section        0  __rtentry.o(.ARM.Collect$$rtentry$$00000000)
    .ARM.Collect$$rtentry$$00000002          0x00000152   Section        0  __rtentry2.o(.ARM.Collect$$rtentry$$00000002)
    .ARM.Collect$$rtentry$$00000004          0x00000152   Section        6  __rtentry4.o(.ARM.Collect$$rtentry$$00000004)
    .ARM.Collect$$rtentry$$00000009          0x00000158   Section        0  __rtentry2.o(.ARM.Collect$$rtentry$$00000009)
    .ARM.Collect$$rtentry$$0000000A          0x00000158   Section        4  __rtentry2.o(.ARM.Collect$$rtentry$$0000000A)
    .ARM.Collect$$rtentry$$0000000C          0x0000015c   Section        0  __rtentry2.o(.ARM.Collect$$rtentry$$0000000C)
    .ARM.Collect$$rtentry$$0000000D          0x0000015c   Section        8  __rtentry2.o(.ARM.Collect$$rtentry$$0000000D)
    .ARM.Collect$$rtexit$$00000000           0x00000164   Section        2  rtexit.o(.ARM.Collect$$rtexit$$00000000)
    .ARM.Collect$$rtexit$$00000002           0x00000166   Section        0  rtexit2.o(.ARM.Collect$$rtexit$$00000002)
    .ARM.Collect$$rtexit$$00000003           0x00000166   Section        4  rtexit2.o(.ARM.Collect$$rtexit$$00000003)
    .ARM.Collect$$rtexit$$00000004           0x0000016a   Section        6  rtexit2.o(.ARM.Collect$$rtexit$$00000004)
    .text                                    0x00000170   Section        0  led.o(.text)
    .text                                    0x0000021c   Section        0  irq.o(.text)
    .text                                    0x00000298   Section        0  kbd.o(.text)
    .text                                    0x000002f4   Section        0  heapauxi.o(.text)
    .text                                    0x000002fa   Section        2  use_no_semi.o(.text)
    .ARM.__at_0x02FC                         0x000002fc   Section        4  startup_lpc17xx_1.o(.ARM.__at_0x02FC)
    .text                                    0x00000300   Section        0  blinky.o(.text)
    .text                                    0x00000bd4   Section        0  glcd_spi_lpc1700.o(.text)
    delay                                    0x00000bd5   Thumb Code    14  glcd_spi_lpc1700.o(.text)
    spi_tran_man                             0x00000be3   Thumb Code   124  glcd_spi_lpc1700.o(.text)
    wr_cmd                                   0x00000c5f   Thumb Code    36  glcd_spi_lpc1700.o(.text)
    wr_dat                                   0x00000c83   Thumb Code    36  glcd_spi_lpc1700.o(.text)
    rd_reg                                   0x00000ca7   Thumb Code    66  glcd_spi_lpc1700.o(.text)
    rd_id_man                                0x00000ce9   Thumb Code   132  glcd_spi_lpc1700.o(.text)
    spi_tran                                 0x000016ff   Thumb Code    28  glcd_spi_lpc1700.o(.text)
    wr_dat_start                             0x0000171b   Thumb Code    16  glcd_spi_lpc1700.o(.text)
    wr_dat_stop                              0x0000172b   Thumb Code     8  glcd_spi_lpc1700.o(.text)
    wr_dat_only                              0x00001733   Thumb Code    18  glcd_spi_lpc1700.o(.text)
    wr_reg                                   0x00001745   Thumb Code    20  glcd_spi_lpc1700.o(.text)
    .text                                    0x00001770   Section        0  adcuser.o(.text)
    .text                                    0x00001858   Section        0  usbcore.o(.text)
    .text                                    0x00001c34   Section        0  usbhw.o(.text)
    .text                                    0x000024bc   Section        0  usbuser.o(.text)
    .text                                    0x0000259c   Section       60  startup_lpc17xx_1.o(.text)
    .text                                    0x000025d8   Section        0  system_lpc17xx_1.o(.text)
    .text                                    0x00002a00   Section      238  lludivv7m.o(.text)
    .text                                    0x00002af0   Section        0  noretval__2sprintf.o(.text)
    .text                                    0x00002b18   Section        0  __printf.o(.text)
    .text                                    0x00002b80   Section        0  _printf_dec.o(.text)
    .text                                    0x00002bf8   Section        0  _printf_intcommon.o(.text)
    .text                                    0x00002cac   Section        0  _printf_char_common.o(.text)
    _printf_input_char                       0x00002cad   Thumb Code    10  _printf_char_common.o(.text)
    .text                                    0x00002cdc   Section        0  _sputc.o(.text)
    .text                                    0x00002ce6   Section       74  sys_stackheap_outer.o(.text)
    .text                                    0x00002d30   Section        0  exit.o(.text)
    .text                                    0x00002d44   Section        8  libspace.o(.text)
    .text                                    0x00002d4c   Section        0  sys_exit.o(.text)
    .text                                    0x00002d58   Section        0  indicate_semi.o(.text)
    i.USB_ReqGetDescriptor                   0x00002d58   Section        0  usbcore.o(i.USB_ReqGetDescriptor)
    i.USB_ReqGetStatus                       0x00002e10   Section        0  usbcore.o(i.USB_ReqGetStatus)
    i.USB_ReqSetClrFeature                   0x00002ed0   Section        0  usbcore.o(i.USB_ReqSetClrFeature)
    i.USB_ReqSetConfiguration                0x00002fbc   Section        0  usbcore.o(i.USB_ReqSetConfiguration)
    i.USB_ReqSetInterface                    0x00003174   Section        0  usbcore.o(i.USB_ReqSetInterface)
    .constdata                               0x000032a4   Section    87804  blinky.o(.constdata)
    REDBULL_pixel_data                       0x000032a4   Data       20001  blinky.o(.constdata)
    MERC_pixel_data                          0x000080c5   Data       20001  blinky.o(.constdata)
    HAAS_pixel_data                          0x0000cee6   Data       19401  blinky.o(.constdata)
    AUDIOMENU_pixel_data                     0x00011aaf   Data       28401  blinky.o(.constdata)
    .constdata                               0x000189a0   Section     6272  glcd_spi_lpc1700.o(.constdata)
    .constdata                               0x0001a220   Section       32  led.o(.constdata)
    .constdata                               0x0001a240   Section      228  usbdesc.o(.constdata)
    .constdata                               0x0001a324   Section       16  usbhw.o(.constdata)
    .constdata                               0x0001a334   Section       64  usbuser.o(.constdata)
    .data                                    0x10000000   Section        5  glcd_spi_lpc1700.o(.data)
    Color                                    0x10000000   Data           4  glcd_spi_lpc1700.o(.data)
    Himax                                    0x10000004   Data           1  glcd_spi_lpc1700.o(.data)
    .data                                    0x10000008   Section        8  system_lpc17xx_1.o(.data)
    .bss                                     0x10000010   Section       20  blinky.o(.bss)
    .bss                                     0x10000024   Section       64  usbcore.o(.bss)
    .bss                                     0x10000064   Section       96  libspace.o(.bss)
    HEAP                                     0x100000c8   Section        0  startup_lpc17xx_1.o(HEAP)
    USB_RAM                                  0x100000c8   Section      544  usbhw.o(USB_RAM)
    Heap_Mem                                 0x100000c8   Data           0  startup_lpc17xx_1.o(HEAP)
    .data                                    0x2007c000   Section       40  blinky.o(.data)
    .data                                    0x2007c028   Section        7  irq.o(.data)
    .data                                    0x2007c030   Section        2  adcuser.o(.data)
    .data                                    0x2007c034   Section       40  usbcore.o(.data)
    .data                                    0x2007c05c   Section        8  usbhw.o(.data)
    .bss                                     0x2007c064   Section      128  usbhw.o(.bss)
    STACK                                    0x2007c0e8   Section      512  startup_lpc17xx_1.o(STACK)
    Stack_Mem                                0x2007c0e8   Data         512  startup_lpc17xx_1.o(STACK)
    __initial_sp                             0x2007c2e8   Data           0  startup_lpc17xx_1.o(STACK)

    Global Symbols

    Symbol Name                              Value     Ov Type        Size  Object(Section)

    BuildAttributes$$THM_ISAv4$P$D$K$B$S$PE$A:L22UL41UL21$X:L11$S22US41US21$IEEE1$IW$USESV6$~STKCKD$USESV7$~SHL$OSPACE$ROPI$EBA8$UX$STANDARDLIB$REQ8$PRES8$EABIv2 0x00000000   Number         0  anon$$obj.o ABSOLUTE
    __ARM_use_no_argv                        0x00000000   Number         0  blinky.o ABSOLUTE
    __Vectors                                0x00000000   Data           4  startup_lpc17xx_1.o(RESET)
    __ARM_exceptions_init                     - Undefined Weak Reference
    __alloca_initialize                       - Undefined Weak Reference
    __arm_preinit_                            - Undefined Weak Reference
    __cpp_initialize__aeabi_                  - Undefined Weak Reference
    __cxa_finalize                            - Undefined Weak Reference
    __rt_locale                               - Undefined Weak Reference
    __sigvec_lookup                           - Undefined Weak Reference
    _atexit_init                              - Undefined Weak Reference
    _call_atexit_fns                          - Undefined Weak Reference
    _clock_init                               - Undefined Weak Reference
    _fp_trap_init                             - Undefined Weak Reference
    _fp_trap_shutdown                         - Undefined Weak Reference
    _get_lc_collate                           - Undefined Weak Reference
    _get_lc_ctype                             - Undefined Weak Reference
    _get_lc_monetary                          - Undefined Weak Reference
    _get_lc_numeric                           - Undefined Weak Reference
    _get_lc_time                              - Undefined Weak Reference
    _getenv_init                              - Undefined Weak Reference
    _handle_redirection                       - Undefined Weak Reference
    _init_alloc                               - Undefined Weak Reference
    _init_user_alloc                          - Undefined Weak Reference
    _initio                                   - Undefined Weak Reference
    _printf_post_padding                      - Undefined Weak Reference
    _printf_pre_padding                       - Undefined Weak Reference
    _printf_truncate_signed                   - Undefined Weak Reference
    _printf_truncate_unsigned                 - Undefined Weak Reference
    _rand_init                                - Undefined Weak Reference
    _signal_finish                            - Undefined Weak Reference
    _signal_init                              - Undefined Weak Reference
    _terminate_alloc                          - Undefined Weak Reference
    _terminate_user_alloc                     - Undefined Weak Reference
    _terminateio                              - Undefined Weak Reference
    __main                                   0x000000cd   Thumb Code     8  __main.o(!!!main)
    __scatterload                            0x000000d5   Thumb Code     0  __scatter.o(!!!scatter)
    __scatterload_rt2                        0x000000d5   Thumb Code    44  __scatter.o(!!!scatter)
    __scatterload_rt2_thumb_only             0x000000d5   Thumb Code     0  __scatter.o(!!!scatter)
    __scatterload_null                       0x000000e3   Thumb Code     0  __scatter.o(!!!scatter)
    __scatterload_copy                       0x00000109   Thumb Code    26  __scatter_copy.o(!!handler_copy)
    __scatterload_zeroinit                   0x00000125   Thumb Code    28  __scatter_zi.o(!!handler_zi)
    _printf_d                                0x00000141   Thumb Code     0  _printf_d.o(.ARM.Collect$$_printf_percent$$00000009)
    _printf_percent                          0x00000141   Thumb Code     0  _printf_percent.o(.ARM.Collect$$_printf_percent$$00000000)
    _printf_percent_end                      0x00000147   Thumb Code     0  _printf_percent_end.o(.ARM.Collect$$_printf_percent$$00000017)
    __rt_lib_init                            0x0000014b   Thumb Code     0  libinit.o(.ARM.Collect$$libinit$$00000000)
    __rt_lib_init_alloca_1                   0x0000014d   Thumb Code     0  libinit2.o(.ARM.Collect$$libinit$$0000002E)
    __rt_lib_init_argv_1                     0x0000014d   Thumb Code     0  libinit2.o(.ARM.Collect$$libinit$$0000002C)
    __rt_lib_init_atexit_1                   0x0000014d   Thumb Code     0  libinit2.o(.ARM.Collect$$libinit$$0000001B)
    __rt_lib_init_clock_1                    0x0000014d   Thumb Code     0  libinit2.o(.ARM.Collect$$libinit$$00000021)
    __rt_lib_init_cpp_1                      0x0000014d   Thumb Code     0  libinit2.o(.ARM.Collect$$libinit$$00000032)
    __rt_lib_init_exceptions_1               0x0000014d   Thumb Code     0  libinit2.o(.ARM.Collect$$libinit$$00000030)
    __rt_lib_init_fp_1                       0x0000014d   Thumb Code     0  libinit2.o(.ARM.Collect$$libinit$$00000002)
    __rt_lib_init_fp_trap_1                  0x0000014d   Thumb Code     0  libinit2.o(.ARM.Collect$$libinit$$0000001F)
    __rt_lib_init_getenv_1                   0x0000014d   Thumb Code     0  libinit2.o(.ARM.Collect$$libinit$$00000023)
    __rt_lib_init_heap_1                     0x0000014d   Thumb Code     0  libinit2.o(.ARM.Collect$$libinit$$0000000A)
    __rt_lib_init_lc_collate_1               0x0000014d   Thumb Code     0  libinit2.o(.ARM.Collect$$libinit$$00000011)
    __rt_lib_init_lc_ctype_1                 0x0000014d   Thumb Code     0  libinit2.o(.ARM.Collect$$libinit$$00000013)
    __rt_lib_init_lc_monetary_1              0x0000014d   Thumb Code     0  libinit2.o(.ARM.Collect$$libinit$$00000015)
    __rt_lib_init_lc_numeric_1               0x0000014d   Thumb Code     0  libinit2.o(.ARM.Collect$$libinit$$00000017)
    __rt_lib_init_lc_time_1                  0x0000014d   Thumb Code     0  libinit2.o(.ARM.Collect$$libinit$$00000019)
    __rt_lib_init_preinit_1                  0x0000014d   Thumb Code     0  libinit2.o(.ARM.Collect$$libinit$$00000004)
    __rt_lib_init_rand_1                     0x0000014d   Thumb Code     0  libinit2.o(.ARM.Collect$$libinit$$0000000E)
    __rt_lib_init_return                     0x0000014d   Thumb Code     0  libinit2.o(.ARM.Collect$$libinit$$00000033)
    __rt_lib_init_signal_1                   0x0000014d   Thumb Code     0  libinit2.o(.ARM.Collect$$libinit$$0000001D)
    __rt_lib_init_stdio_1                    0x0000014d   Thumb Code     0  libinit2.o(.ARM.Collect$$libinit$$00000025)
    __rt_lib_init_user_alloc_1               0x0000014d   Thumb Code     0  libinit2.o(.ARM.Collect$$libinit$$0000000C)
    __rt_lib_shutdown                        0x0000014f   Thumb Code     0  libshutdown.o(.ARM.Collect$$libshutdown$$00000000)
    __rt_lib_shutdown_cpp_1                  0x00000151   Thumb Code     0  libshutdown2.o(.ARM.Collect$$libshutdown$$00000002)
    __rt_lib_shutdown_fp_trap_1              0x00000151   Thumb Code     0  libshutdown2.o(.ARM.Collect$$libshutdown$$00000007)
    __rt_lib_shutdown_heap_1                 0x00000151   Thumb Code     0  libshutdown2.o(.ARM.Collect$$libshutdown$$0000000F)
    __rt_lib_shutdown_return                 0x00000151   Thumb Code     0  libshutdown2.o(.ARM.Collect$$libshutdown$$00000010)
    __rt_lib_shutdown_signal_1               0x00000151   Thumb Code     0  libshutdown2.o(.ARM.Collect$$libshutdown$$0000000A)
    __rt_lib_shutdown_stdio_1                0x00000151   Thumb Code     0  libshutdown2.o(.ARM.Collect$$libshutdown$$00000004)
    __rt_lib_shutdown_user_alloc_1           0x00000151   Thumb Code     0  libshutdown2.o(.ARM.Collect$$libshutdown$$0000000C)
    __rt_entry                               0x00000153   Thumb Code     0  __rtentry.o(.ARM.Collect$$rtentry$$00000000)
    __rt_entry_presh_1                       0x00000153   Thumb Code     0  __rtentry2.o(.ARM.Collect$$rtentry$$00000002)
    __rt_entry_sh                            0x00000153   Thumb Code     0  __rtentry4.o(.ARM.Collect$$rtentry$$00000004)
    __rt_entry_li                            0x00000159   Thumb Code     0  __rtentry2.o(.ARM.Collect$$rtentry$$0000000A)
    __rt_entry_postsh_1                      0x00000159   Thumb Code     0  __rtentry2.o(.ARM.Collect$$rtentry$$00000009)
    __rt_entry_main                          0x0000015d   Thumb Code     0  __rtentry2.o(.ARM.Collect$$rtentry$$0000000D)
    __rt_entry_postli_1                      0x0000015d   Thumb Code     0  __rtentry2.o(.ARM.Collect$$rtentry$$0000000C)
    __rt_exit                                0x00000165   Thumb Code     0  rtexit.o(.ARM.Collect$$rtexit$$00000000)
    __rt_exit_ls                             0x00000167   Thumb Code     0  rtexit2.o(.ARM.Collect$$rtexit$$00000003)
    __rt_exit_prels_1                        0x00000167   Thumb Code     0  rtexit2.o(.ARM.Collect$$rtexit$$00000002)
    __rt_exit_exit                           0x0000016b   Thumb Code     0  rtexit2.o(.ARM.Collect$$rtexit$$00000004)
    LED_Init                                 0x00000171   Thumb Code    40  led.o(.text)
    LED_On                                   0x00000199   Thumb Code    40  led.o(.text)
    LED_Off                                  0x000001c1   Thumb Code    40  led.o(.text)
    LED_Out                                  0x000001e9   Thumb Code    38  led.o(.text)
    SysTick_Handler                          0x0000021d   Thumb Code   108  irq.o(.text)
    KBD_Init                                 0x00000299   Thumb Code    42  kbd.o(.text)
    KBD_get                                  0x000002c3   Thumb Code    12  kbd.o(.text)
    get_button                               0x000002cf   Thumb Code    20  kbd.o(.text)
    __use_two_region_memory                  0x000002f5   Thumb Code     2  heapauxi.o(.text)
    __rt_heap_escrow$2region                 0x000002f7   Thumb Code     2  heapauxi.o(.text)
    __rt_heap_expand$2region                 0x000002f9   Thumb Code     2  heapauxi.o(.text)
    __I$use$semihosting                      0x000002fb   Thumb Code     0  use_no_semi.o(.text)
    __use_no_semihosting_swi                 0x000002fb   Thumb Code     2  use_no_semi.o(.text)
    delay                                    0x00000301   Thumb Code    22  blinky.o(.text)
    slideshow                                0x00000317   Thumb Code   300  blinky.o(.text)
    get_potval                               0x00000443   Thumb Code    58  blinky.o(.text)
    reactionTimeGame                         0x0000047d   Thumb Code   318  blinky.o(.text)
    mp3Player                                0x000005bb   Thumb Code   244  blinky.o(.text)
    TIMER0_IRQHandler                        0x000006af   Thumb Code   714  blinky.o(.text)
    home_menu                                0x00000979   Thumb Code   326  blinky.o(.text)
    main                                     0x00000abf   Thumb Code    28  blinky.o(.text)
    GLCD_Init                                0x00000d6d   Thumb Code  1506  glcd_spi_lpc1700.o(.text)
    GLCD_SetWindow                           0x0000134f   Thumb Code   168  glcd_spi_lpc1700.o(.text)
    GLCD_WindowMax                           0x000013f7   Thumb Code    26  glcd_spi_lpc1700.o(.text)
    GLCD_PutPixel                            0x00001411   Thumb Code   118  glcd_spi_lpc1700.o(.text)
    GLCD_SetTextColor                        0x00001487   Thumb Code     6  glcd_spi_lpc1700.o(.text)
    GLCD_SetBackColor                        0x0000148d   Thumb Code     6  glcd_spi_lpc1700.o(.text)
    GLCD_Clear                               0x00001493   Thumb Code    42  glcd_spi_lpc1700.o(.text)
    GLCD_DrawChar                            0x000014bd   Thumb Code   150  glcd_spi_lpc1700.o(.text)
    GLCD_DisplayChar                         0x00001553   Thumb Code    84  glcd_spi_lpc1700.o(.text)
    GLCD_DisplayString                       0x000015a7   Thumb Code    40  glcd_spi_lpc1700.o(.text)
    GLCD_ClearLn                             0x000015cf   Thumb Code    94  glcd_spi_lpc1700.o(.text)
    GLCD_Bargraph                            0x0000162d   Thumb Code    98  glcd_spi_lpc1700.o(.text)
    GLCD_Bitmap                              0x0000168f   Thumb Code    82  glcd_spi_lpc1700.o(.text)
    GLCD_ScrollVertical                      0x000016e1   Thumb Code     2  glcd_spi_lpc1700.o(.text)
    GLCD_WrCmd                               0x000016e3   Thumb Code    12  glcd_spi_lpc1700.o(.text)
    GLCD_WrReg                               0x000016ef   Thumb Code    16  glcd_spi_lpc1700.o(.text)
    ADC_IF_GetRequest                        0x00001771   Thumb Code   128  adcuser.o(.text)
    ADC_IF_SetRequest                        0x000017f1   Thumb Code    80  adcuser.o(.text)
    ADC_EP_GetRequest                        0x00001841   Thumb Code     4  adcuser.o(.text)
    ADC_EP_SetRequest                        0x00001845   Thumb Code     4  adcuser.o(.text)
    USB_ResetCore                            0x00001859   Thumb Code    34  usbcore.o(.text)
    USB_SetupStage                           0x0000187b   Thumb Code    12  usbcore.o(.text)
    USB_DataInStage                          0x00001887   Thumb Code    52  usbcore.o(.text)
    USB_DataOutStage                         0x000018bb   Thumb Code    34  usbcore.o(.text)
    USB_StatusInStage                        0x000018dd   Thumb Code    14  usbcore.o(.text)
    USB_StatusOutStage                       0x000018eb   Thumb Code    12  usbcore.o(.text)
    USB_EndPoint0                            0x000018f7   Thumb Code   786  usbcore.o(.text)
    EPAdr                                    0x00001c35   Thumb Code    16  usbhw.o(.text)
    WrCmd                                    0x00001c45   Thumb Code    30  usbhw.o(.text)
    WrCmdDat                                 0x00001c63   Thumb Code    58  usbhw.o(.text)
    WrCmdEP                                  0x00001c9d   Thumb Code    78  usbhw.o(.text)
    RdCmdDat                                 0x00001ceb   Thumb Code    38  usbhw.o(.text)
    USB_SetAddress                           0x00001d11   Thumb Code    42  usbhw.o(.text)
    USB_Reset                                0x00001d3b   Thumb Code   174  usbhw.o(.text)
    USB_Init                                 0x00001de9   Thumb Code   138  usbhw.o(.text)
    USB_Connect                              0x00001e73   Thumb Code    28  usbhw.o(.text)
    USB_Suspend                              0x00001e8f   Thumb Code     2  usbhw.o(.text)
    USB_Resume                               0x00001e91   Thumb Code     2  usbhw.o(.text)
    USB_WakeUp                               0x00001e93   Thumb Code    22  usbhw.o(.text)
    USB_WakeUpCfg                            0x00001ea9   Thumb Code     2  usbhw.o(.text)
    USB_Configure                            0x00001eab   Thumb Code    60  usbhw.o(.text)
    USB_ConfigEP                             0x00001ee7   Thumb Code    68  usbhw.o(.text)
    USB_DirCtrlEP                            0x00001f2b   Thumb Code     2  usbhw.o(.text)
    USB_EnableEP                             0x00001f2d   Thumb Code    26  usbhw.o(.text)
    USB_DisableEP                            0x00001f47   Thumb Code    26  usbhw.o(.text)
    USB_ResetEP                              0x00001f61   Thumb Code    26  usbhw.o(.text)
    USB_SetStallEP                           0x00001f7b   Thumb Code    26  usbhw.o(.text)
    USB_ClrStallEP                           0x00001f95   Thumb Code    26  usbhw.o(.text)
    USB_ClearEPBuf                           0x00001faf   Thumb Code    14  usbhw.o(.text)
    USB_ReadEP                               0x00001fbd   Thumb Code    98  usbhw.o(.text)
    USB_WriteEP                              0x0000201f   Thumb Code   148  usbhw.o(.text)
    USB_DMA_Setup                            0x000020b3   Thumb Code   248  usbhw.o(.text)
    USB_DMA_Enable                           0x000021ab   Thumb Code    22  usbhw.o(.text)
    USB_DMA_Disable                          0x000021c1   Thumb Code    22  usbhw.o(.text)
    USB_DMA_Status                           0x000021d7   Thumb Code    76  usbhw.o(.text)
    USB_DMA_BufAdr                           0x00002223   Thumb Code    30  usbhw.o(.text)
    USB_DMA_BufCnt                           0x00002241   Thumb Code    30  usbhw.o(.text)
    USB_GetFrame                             0x0000225f   Thumb Code    30  usbhw.o(.text)
    USB_IRQHandler                           0x0000227d   Thumb Code   576  usbhw.o(.text)
    USB_Reset_Event                          0x000024bd   Thumb Code     8  usbuser.o(.text)
    USB_SOF_Event                            0x000024c5   Thumb Code     2  usbuser.o(.text)
    USB_EndPoint1                            0x000024c7   Thumb Code     2  usbuser.o(.text)
    USB_EndPoint2                            0x000024c9   Thumb Code     2  usbuser.o(.text)
    USB_EndPoint3                            0x000024cb   Thumb Code   164  usbuser.o(.text)
    USB_EndPoint4                            0x0000256f   Thumb Code     2  usbuser.o(.text)
    USB_EndPoint5                            0x00002571   Thumb Code     2  usbuser.o(.text)
    USB_EndPoint6                            0x00002573   Thumb Code     2  usbuser.o(.text)
    USB_EndPoint7                            0x00002575   Thumb Code     2  usbuser.o(.text)
    USB_EndPoint8                            0x00002577   Thumb Code     2  usbuser.o(.text)
    USB_EndPoint9                            0x00002579   Thumb Code     2  usbuser.o(.text)
    USB_EndPoint10                           0x0000257b   Thumb Code     2  usbuser.o(.text)
    USB_EndPoint11                           0x0000257d   Thumb Code     2  usbuser.o(.text)
    USB_EndPoint12                           0x0000257f   Thumb Code     2  usbuser.o(.text)
    USB_EndPoint13                           0x00002581   Thumb Code     2  usbuser.o(.text)
    USB_EndPoint14                           0x00002583   Thumb Code     2  usbuser.o(.text)
    USB_EndPoint15                           0x00002585   Thumb Code     2  usbuser.o(.text)
    Reset_Handler                            0x0000259d   Thumb Code     8  startup_lpc17xx_1.o(.text)
    NMI_Handler                              0x000025a5   Thumb Code     2  startup_lpc17xx_1.o(.text)
    HardFault_Handler                        0x000025a7   Thumb Code     2  startup_lpc17xx_1.o(.text)
    MemManage_Handler                        0x000025a9   Thumb Code     2  startup_lpc17xx_1.o(.text)
    BusFault_Handler                         0x000025ab   Thumb Code     2  startup_lpc17xx_1.o(.text)
    UsageFault_Handler                       0x000025ad   Thumb Code     2  startup_lpc17xx_1.o(.text)
    SVC_Handler                              0x000025af   Thumb Code     2  startup_lpc17xx_1.o(.text)
    DebugMon_Handler                         0x000025b1   Thumb Code     2  startup_lpc17xx_1.o(.text)
    PendSV_Handler                           0x000025b3   Thumb Code     2  startup_lpc17xx_1.o(.text)
    ADC_IRQHandler                           0x000025b7   Thumb Code     0  startup_lpc17xx_1.o(.text)
    BOD_IRQHandler                           0x000025b7   Thumb Code     0  startup_lpc17xx_1.o(.text)
    CANActivity_IRQHandler                   0x000025b7   Thumb Code     0  startup_lpc17xx_1.o(.text)
    CAN_IRQHandler                           0x000025b7   Thumb Code     0  startup_lpc17xx_1.o(.text)
    DMA_IRQHandler                           0x000025b7   Thumb Code     0  startup_lpc17xx_1.o(.text)
    EINT0_IRQHandler                         0x000025b7   Thumb Code     0  startup_lpc17xx_1.o(.text)
    EINT1_IRQHandler                         0x000025b7   Thumb Code     0  startup_lpc17xx_1.o(.text)
    EINT2_IRQHandler                         0x000025b7   Thumb Code     0  startup_lpc17xx_1.o(.text)
    EINT3_IRQHandler                         0x000025b7   Thumb Code     0  startup_lpc17xx_1.o(.text)
    ENET_IRQHandler                          0x000025b7   Thumb Code     0  startup_lpc17xx_1.o(.text)
    I2C0_IRQHandler                          0x000025b7   Thumb Code     0  startup_lpc17xx_1.o(.text)
    I2C1_IRQHandler                          0x000025b7   Thumb Code     0  startup_lpc17xx_1.o(.text)
    I2C2_IRQHandler                          0x000025b7   Thumb Code     0  startup_lpc17xx_1.o(.text)
    I2S_IRQHandler                           0x000025b7   Thumb Code     0  startup_lpc17xx_1.o(.text)
    MCPWM_IRQHandler                         0x000025b7   Thumb Code     0  startup_lpc17xx_1.o(.text)
    PLL0_IRQHandler                          0x000025b7   Thumb Code     0  startup_lpc17xx_1.o(.text)
    PLL1_IRQHandler                          0x000025b7   Thumb Code     0  startup_lpc17xx_1.o(.text)
    PWM1_IRQHandler                          0x000025b7   Thumb Code     0  startup_lpc17xx_1.o(.text)
    QEI_IRQHandler                           0x000025b7   Thumb Code     0  startup_lpc17xx_1.o(.text)
    RIT_IRQHandler                           0x000025b7   Thumb Code     0  startup_lpc17xx_1.o(.text)
    RTC_IRQHandler                           0x000025b7   Thumb Code     0  startup_lpc17xx_1.o(.text)
    SPI_IRQHandler                           0x000025b7   Thumb Code     0  startup_lpc17xx_1.o(.text)
    SSP0_IRQHandler                          0x000025b7   Thumb Code     0  startup_lpc17xx_1.o(.text)
    SSP1_IRQHandler                          0x000025b7   Thumb Code     0  startup_lpc17xx_1.o(.text)
    TIMER1_IRQHandler                        0x000025b7   Thumb Code     0  startup_lpc17xx_1.o(.text)
    TIMER2_IRQHandler                        0x000025b7   Thumb Code     0  startup_lpc17xx_1.o(.text)
    TIMER3_IRQHandler                        0x000025b7   Thumb Code     0  startup_lpc17xx_1.o(.text)
    UART0_IRQHandler                         0x000025b7   Thumb Code     0  startup_lpc17xx_1.o(.text)
    UART1_IRQHandler                         0x000025b7   Thumb Code     0  startup_lpc17xx_1.o(.text)
    UART2_IRQHandler                         0x000025b7   Thumb Code     0  startup_lpc17xx_1.o(.text)
    UART3_IRQHandler                         0x000025b7   Thumb Code     0  startup_lpc17xx_1.o(.text)
    USBActivity_IRQHandler                   0x000025b7   Thumb Code     0  startup_lpc17xx_1.o(.text)
    WDT_IRQHandler                           0x000025b7   Thumb Code     0  startup_lpc17xx_1.o(.text)
    __user_initial_stackheap                 0x000025b9   Thumb Code     0  startup_lpc17xx_1.o(.text)
    SystemCoreClockUpdate                    0x000025d9   Thumb Code   408  system_lpc17xx_1.o(.text)
    SystemInit                               0x00002771   Thumb Code   314  system_lpc17xx_1.o(.text)
    SystemClockUpdate                        0x000028ab   Thumb Code   332  system_lpc17xx_1.o(.text)
    __aeabi_uldivmod                         0x00002a01   Thumb Code     0  lludivv7m.o(.text)
    _ll_udiv                                 0x00002a01   Thumb Code   238  lludivv7m.o(.text)
    __2sprintf                               0x00002af1   Thumb Code    34  noretval__2sprintf.o(.text)
    __printf                                 0x00002b19   Thumb Code   104  __printf.o(.text)
    _printf_int_dec                          0x00002b81   Thumb Code   104  _printf_dec.o(.text)
    _printf_int_common                       0x00002bf9   Thumb Code   178  _printf_intcommon.o(.text)
    _printf_char_common                      0x00002cb7   Thumb Code    32  _printf_char_common.o(.text)
    _sputc                                   0x00002cdd   Thumb Code    10  _sputc.o(.text)
    __user_setup_stackheap                   0x00002ce7   Thumb Code    74  sys_stackheap_outer.o(.text)
    exit                                     0x00002d31   Thumb Code    18  exit.o(.text)
    __user_libspace                          0x00002d45   Thumb Code     8  libspace.o(.text)
    __user_perproc_libspace                  0x00002d45   Thumb Code     0  libspace.o(.text)
    __user_perthread_libspace                0x00002d45   Thumb Code     0  libspace.o(.text)
    _sys_exit                                0x00002d4d   Thumb Code     8  sys_exit.o(.text)
    USB_ReqGetDescriptor                     0x00002d59   Thumb Code   164  usbcore.o(i.USB_ReqGetDescriptor)
    __semihosting_library_function           0x00002d59   Thumb Code     0  indicate_semi.o(.text)
    USB_ReqGetStatus                         0x00002e11   Thumb Code   160  usbcore.o(i.USB_ReqGetStatus)
    USB_ReqSetClrFeature                     0x00002ed1   Thumb Code   210  usbcore.o(i.USB_ReqSetClrFeature)
    USB_ReqSetConfiguration                  0x00002fbd   Thumb Code   402  usbcore.o(i.USB_ReqSetConfiguration)
    USB_ReqSetInterface                      0x00003175   Thumb Code   278  usbcore.o(i.USB_ReqSetInterface)
    Font_6x8_h                               0x000189a0   Data         896  glcd_spi_lpc1700.o(.constdata)
    Font_16x24_h                             0x00018d20   Data        5376  glcd_spi_lpc1700.o(.constdata)
    led_mask                                 0x0001a220   Data          32  led.o(.constdata)
    USB_DeviceDescriptor                     0x0001a240   Data          18  usbdesc.o(.constdata)
    USB_ConfigDescriptor                     0x0001a252   Data         110  usbdesc.o(.constdata)
    USB_StringDescriptor                     0x0001a2c0   Data         100  usbdesc.o(.constdata)
    DDAdr                                    0x0001a324   Data           8  usbhw.o(.constdata)
    DDSz                                     0x0001a32c   Data           8  usbhw.o(.constdata)
    USB_P_EP                                 0x0001a334   Data          64  usbuser.o(.constdata)
    Region$$Table$$Base                      0x0001a374   Number         0  anon$$obj.o(Region$$Table)
    Region$$Table$$Limit                     0x0001a3b4   Number         0  anon$$obj.o(Region$$Table)
    SystemCoreClock                          0x10000008   Data           4  system_lpc17xx_1.o(.data)
    SystemFrequency                          0x1000000c   Data           4  system_lpc17xx_1.o(.data)
    reactionTimeStr                          0x10000010   Data          20  blinky.o(.bss)
    EP0Buf                                   0x10000024   Data          64  usbcore.o(.bss)
    __libspace_start                         0x10000064   Data          96  libspace.o(.bss)
    __temporary_stack_top$libspace           0x100000c4   Data           0  libspace.o(.bss)
    UDCA                                     0x100000c8   Data         128  usbhw.o(USB_RAM)
    DD_NISO_Mem                              0x10000148   Data         256  usbhw.o(USB_RAM)
    DD_ISO_Mem                               0x10000248   Data         160  usbhw.o(USB_RAM)
    Mute                                     0x2007c000   Data           1  blinky.o(.data)
    Volume                                   0x2007c004   Data           4  blinky.o(.data)
    InfoBuf                                  0x2007c008   Data           4  blinky.o(.data)
    DataBuf                                  0x2007c00c   Data           4  blinky.o(.data)
    DataOut                                  0x2007c010   Data           2  blinky.o(.data)
    DataIn                                   0x2007c012   Data           2  blinky.o(.data)
    DataRun                                  0x2007c014   Data           1  blinky.o(.data)
    PotVal                                   0x2007c016   Data           2  blinky.o(.data)
    VUM                                      0x2007c018   Data           4  blinky.o(.data)
    Tick                                     0x2007c01c   Data           4  blinky.o(.data)
    kbd_val                                  0x2007c020   Data           4  blinky.o(.data)
    currentImage                             0x2007c024   Data           4  blinky.o(.data)
    ticks                                    0x2007c028   Data           4  irq.o(.data)
    ClockLEDOn                               0x2007c02c   Data           1  irq.o(.data)
    ClockLEDOff                              0x2007c02d   Data           1  irq.o(.data)
    ClockANI                                 0x2007c02e   Data           1  irq.o(.data)
    VolCur                                   0x2007c030   Data           2  adcuser.o(.data)
    USB_DeviceStatus                         0x2007c034   Data           2  usbcore.o(.data)
    USB_DeviceAddress                        0x2007c036   Data           1  usbcore.o(.data)
    USB_Configuration                        0x2007c037   Data           1  usbcore.o(.data)
    USB_EndPointMask                         0x2007c038   Data           4  usbcore.o(.data)
    USB_EndPointHalt                         0x2007c03c   Data           4  usbcore.o(.data)
    USB_EndPointStall                        0x2007c040   Data           4  usbcore.o(.data)
    USB_NumInterfaces                        0x2007c044   Data           1  usbcore.o(.data)
    USB_AltSetting                           0x2007c045   Data           4  usbcore.o(.data)
    EP0Data                                  0x2007c04c   Data           8  usbcore.o(.data)
    SetupPacket                              0x2007c054   Data           8  usbcore.o(.data)
    DDMemMap                                 0x2007c05c   Data           8  usbhw.o(.data)
    udca                                     0x2007c064   Data         128  usbhw.o(.bss)



==============================================================================

Memory Map of the image

  Image Entry point : 0x000000cd

  Load Region LR_IROM1 (Base: 0x00000000, Size: 0x0001a428, Max: 0x00080000, ABSOLUTE)

    Execution Region ER_IROM1 (Exec base: 0x00000000, Load base: 0x00000000, Size: 0x0001a3b4, Max: 0x00080000, ABSOLUTE)

    Exec Addr    Load Addr    Size         Type   Attr      Idx    E Section Name        Object

    0x00000000   0x00000000   0x000000cc   Data   RO          392    RESET               startup_lpc17xx_1.o
    0x000000cc   0x000000cc   0x00000008   Code   RO          457  * !!!main             c_w.l(__main.o)
    0x000000d4   0x000000d4   0x00000034   Code   RO          633    !!!scatter          c_w.l(__scatter.o)
    0x00000108   0x00000108   0x0000001a   Code   RO          635    !!handler_copy      c_w.l(__scatter_copy.o)
    0x00000122   0x00000122   0x00000002   PAD
    0x00000124   0x00000124   0x0000001c   Code   RO          637    !!handler_zi        c_w.l(__scatter_zi.o)
    0x00000140   0x00000140   0x00000000   Code   RO          454    .ARM.Collect$$_printf_percent$$00000000  c_w.l(_printf_percent.o)
    0x00000140   0x00000140   0x00000006   Code   RO          453    .ARM.Collect$$_printf_percent$$00000009  c_w.l(_printf_d.o)
    0x00000146   0x00000146   0x00000004   Code   RO          470    .ARM.Collect$$_printf_percent$$00000017  c_w.l(_printf_percent_end.o)
    0x0000014a   0x0000014a   0x00000002   Code   RO          503    .ARM.Collect$$libinit$$00000000  c_w.l(libinit.o)
    0x0000014c   0x0000014c   0x00000000   Code   RO          516    .ARM.Collect$$libinit$$00000002  c_w.l(libinit2.o)
    0x0000014c   0x0000014c   0x00000000   Code   RO          518    .ARM.Collect$$libinit$$00000004  c_w.l(libinit2.o)
    0x0000014c   0x0000014c   0x00000000   Code   RO          521    .ARM.Collect$$libinit$$0000000A  c_w.l(libinit2.o)
    0x0000014c   0x0000014c   0x00000000   Code   RO          523    .ARM.Collect$$libinit$$0000000C  c_w.l(libinit2.o)
    0x0000014c   0x0000014c   0x00000000   Code   RO          525    .ARM.Collect$$libinit$$0000000E  c_w.l(libinit2.o)
    0x0000014c   0x0000014c   0x00000000   Code   RO          528    .ARM.Collect$$libinit$$00000011  c_w.l(libinit2.o)
    0x0000014c   0x0000014c   0x00000000   Code   RO          530    .ARM.Collect$$libinit$$00000013  c_w.l(libinit2.o)
    0x0000014c   0x0000014c   0x00000000   Code   RO          532    .ARM.Collect$$libinit$$00000015  c_w.l(libinit2.o)
    0x0000014c   0x0000014c   0x00000000   Code   RO          534    .ARM.Collect$$libinit$$00000017  c_w.l(libinit2.o)
    0x0000014c   0x0000014c   0x00000000   Code   RO          536    .ARM.Collect$$libinit$$00000019  c_w.l(libinit2.o)
    0x0000014c   0x0000014c   0x00000000   Code   RO          538    .ARM.Collect$$libinit$$0000001B  c_w.l(libinit2.o)
    0x0000014c   0x0000014c   0x00000000   Code   RO          540    .ARM.Collect$$libinit$$0000001D  c_w.l(libinit2.o)
    0x0000014c   0x0000014c   0x00000000   Code   RO          542    .ARM.Collect$$libinit$$0000001F  c_w.l(libinit2.o)
    0x0000014c   0x0000014c   0x00000000   Code   RO          544    .ARM.Collect$$libinit$$00000021  c_w.l(libinit2.o)
    0x0000014c   0x0000014c   0x00000000   Code   RO          546    .ARM.Collect$$libinit$$00000023  c_w.l(libinit2.o)
    0x0000014c   0x0000014c   0x00000000   Code   RO          548    .ARM.Collect$$libinit$$00000025  c_w.l(libinit2.o)
    0x0000014c   0x0000014c   0x00000000   Code   RO          552    .ARM.Collect$$libinit$$0000002C  c_w.l(libinit2.o)
    0x0000014c   0x0000014c   0x00000000   Code   RO          554    .ARM.Collect$$libinit$$0000002E  c_w.l(libinit2.o)
    0x0000014c   0x0000014c   0x00000000   Code   RO          556    .ARM.Collect$$libinit$$00000030  c_w.l(libinit2.o)
    0x0000014c   0x0000014c   0x00000000   Code   RO          558    .ARM.Collect$$libinit$$00000032  c_w.l(libinit2.o)
    0x0000014c   0x0000014c   0x00000002   Code   RO          559    .ARM.Collect$$libinit$$00000033  c_w.l(libinit2.o)
    0x0000014e   0x0000014e   0x00000002   Code   RO          590    .ARM.Collect$$libshutdown$$00000000  c_w.l(libshutdown.o)
    0x00000150   0x00000150   0x00000000   Code   RO          616    .ARM.Collect$$libshutdown$$00000002  c_w.l(libshutdown2.o)
    0x00000150   0x00000150   0x00000000   Code   RO          618    .ARM.Collect$$libshutdown$$00000004  c_w.l(libshutdown2.o)
    0x00000150   0x00000150   0x00000000   Code   RO          621    .ARM.Collect$$libshutdown$$00000007  c_w.l(libshutdown2.o)
    0x00000150   0x00000150   0x00000000   Code   RO          624    .ARM.Collect$$libshutdown$$0000000A  c_w.l(libshutdown2.o)
    0x00000150   0x00000150   0x00000000   Code   RO          626    .ARM.Collect$$libshutdown$$0000000C  c_w.l(libshutdown2.o)
    0x00000150   0x00000150   0x00000000   Code   RO          629    .ARM.Collect$$libshutdown$$0000000F  c_w.l(libshutdown2.o)
    0x00000150   0x00000150   0x00000002   Code   RO          630    .ARM.Collect$$libshutdown$$00000010  c_w.l(libshutdown2.o)
    0x00000152   0x00000152   0x00000000   Code   RO          459    .ARM.Collect$$rtentry$$00000000  c_w.l(__rtentry.o)
    0x00000152   0x00000152   0x00000000   Code   RO          472    .ARM.Collect$$rtentry$$00000002  c_w.l(__rtentry2.o)
    0x00000152   0x00000152   0x00000006   Code   RO          484    .ARM.Collect$$rtentry$$00000004  c_w.l(__rtentry4.o)
    0x00000158   0x00000158   0x00000000   Code   RO          474    .ARM.Collect$$rtentry$$00000009  c_w.l(__rtentry2.o)
    0x00000158   0x00000158   0x00000004   Code   RO          475    .ARM.Collect$$rtentry$$0000000A  c_w.l(__rtentry2.o)
    0x0000015c   0x0000015c   0x00000000   Code   RO          477    .ARM.Collect$$rtentry$$0000000C  c_w.l(__rtentry2.o)
    0x0000015c   0x0000015c   0x00000008   Code   RO          478    .ARM.Collect$$rtentry$$0000000D  c_w.l(__rtentry2.o)
    0x00000164   0x00000164   0x00000002   Code   RO          507    .ARM.Collect$$rtexit$$00000000  c_w.l(rtexit.o)
    0x00000166   0x00000166   0x00000000   Code   RO          563    .ARM.Collect$$rtexit$$00000002  c_w.l(rtexit2.o)
    0x00000166   0x00000166   0x00000004   Code   RO          564    .ARM.Collect$$rtexit$$00000003  c_w.l(rtexit2.o)
    0x0000016a   0x0000016a   0x00000006   Code   RO          565    .ARM.Collect$$rtexit$$00000004  c_w.l(rtexit2.o)
    0x00000170   0x00000170   0x000000ac   Code   RO          140    .text               led.o
    0x0000021c   0x0000021c   0x0000007c   Code   RO          161    .text               irq.o
    0x00000298   0x00000298   0x0000005c   Code   RO          176    .text               kbd.o
    0x000002f4   0x000002f4   0x00000006   Code   RO          455    .text               c_w.l(heapauxi.o)
    0x000002fa   0x000002fa   0x00000002   Code   RO          579    .text               c_w.l(use_no_semi.o)
    0x000002fc   0x000002fc   0x00000004   Code   RO          393    .ARM.__at_0x02FC    startup_lpc17xx_1.o
    0x00000300   0x00000300   0x000008d4   Code   RO            1    .text               blinky.o
    0x00000bd4   0x00000bd4   0x00000b9c   Code   RO           85    .text               glcd_spi_lpc1700.o
    0x00001770   0x00001770   0x000000e8   Code   RO          230    .text               adcuser.o
    0x00001858   0x00001858   0x000003dc   Code   RO          259    .text               usbcore.o
    0x00001c34   0x00001c34   0x00000888   Code   RO          337    .text               usbhw.o
    0x000024bc   0x000024bc   0x000000e0   Code   RO          358    .text               usbuser.o
    0x0000259c   0x0000259c   0x0000003c   Code   RO          394    .text               startup_lpc17xx_1.o
    0x000025d8   0x000025d8   0x00000428   Code   RO          400    .text               system_lpc17xx_1.o
    0x00002a00   0x00002a00   0x000000ee   Code   RO          423    .text               c_w.l(lludivv7m.o)
    0x00002aee   0x00002aee   0x00000002   PAD
    0x00002af0   0x00002af0   0x00000028   Code   RO          427    .text               c_w.l(noretval__2sprintf.o)
    0x00002b18   0x00002b18   0x00000068   Code   RO          429    .text               c_w.l(__printf.o)
    0x00002b80   0x00002b80   0x00000078   Code   RO          431    .text               c_w.l(_printf_dec.o)
    0x00002bf8   0x00002bf8   0x000000b2   Code   RO          464    .text               c_w.l(_printf_intcommon.o)
    0x00002caa   0x00002caa   0x00000002   PAD
    0x00002cac   0x00002cac   0x00000030   Code   RO          466    .text               c_w.l(_printf_char_common.o)
    0x00002cdc   0x00002cdc   0x0000000a   Code   RO          468    .text               c_w.l(_sputc.o)
    0x00002ce6   0x00002ce6   0x0000004a   Code   RO          490    .text               c_w.l(sys_stackheap_outer.o)
    0x00002d30   0x00002d30   0x00000012   Code   RO          492    .text               c_w.l(exit.o)
    0x00002d42   0x00002d42   0x00000002   PAD
    0x00002d44   0x00002d44   0x00000008   Code   RO          504    .text               c_w.l(libspace.o)
    0x00002d4c   0x00002d4c   0x0000000c   Code   RO          560    .text               c_w.l(sys_exit.o)
    0x00002d58   0x00002d58   0x00000000   Code   RO          581    .text               c_w.l(indicate_semi.o)
    0x00002d58   0x00002d58   0x000000b8   Code   RO          284    i.USB_ReqGetDescriptor  usbcore.o
    0x00002e10   0x00002e10   0x000000c0   Code   RO          272    i.USB_ReqGetStatus  usbcore.o
    0x00002ed0   0x00002ed0   0x000000ec   Code   RO          278    i.USB_ReqSetClrFeature  usbcore.o
    0x00002fbc   0x00002fbc   0x000001b8   Code   RO          290    i.USB_ReqSetConfiguration  usbcore.o
    0x00003174   0x00003174   0x00000130   Code   RO          296    i.USB_ReqSetInterface  usbcore.o
    0x000032a4   0x000032a4   0x000156fc   Data   RO            3    .constdata          blinky.o
    0x000189a0   0x000189a0   0x00001880   Data   RO           86    .constdata          glcd_spi_lpc1700.o
    0x0001a220   0x0001a220   0x00000020   Data   RO          141    .constdata          led.o
    0x0001a240   0x0001a240   0x000000e4   Data   RO          325    .constdata          usbdesc.o
    0x0001a324   0x0001a324   0x00000010   Data   RO          339    .constdata          usbhw.o
    0x0001a334   0x0001a334   0x00000040   Data   RO          359    .constdata          usbuser.o
    0x0001a374   0x0001a374   0x00000040   Data   RO          631    Region$$Table       anon$$obj.o


    Execution Region RW_IRAM1 (Exec base: 0x10000000, Load base: 0x0001a3b4, Size: 0x000002e8, Max: 0x00008000, ABSOLUTE)

    Exec Addr    Load Addr    Size         Type   Attr      Idx    E Section Name        Object

    0x10000000   0x0001a3b4   0x00000005   Data   RW           87    .data               glcd_spi_lpc1700.o
    0x10000005   0x0001a3b9   0x00000003   PAD
    0x10000008   0x0001a3bc   0x00000008   Data   RW          401    .data               system_lpc17xx_1.o
    0x10000010        -       0x00000014   Zero   RW            2    .bss                blinky.o
    0x10000024        -       0x00000040   Zero   RW          260    .bss                usbcore.o
    0x10000064        -       0x00000060   Zero   RW          505    .bss                c_w.l(libspace.o)
    0x100000c4   0x0001a3c4   0x00000004   PAD
    0x100000c8        -       0x00000000   Zero   RW          391    HEAP                startup_lpc17xx_1.o
    0x100000c8        -       0x00000220   Zero   RW          341    USB_RAM             usbhw.o


    Execution Region RW_IRAM2 (Exec base: 0x2007c000, Load base: 0x0001a3c4, Size: 0x000002e8, Max: 0x00008000, ABSOLUTE)

    Exec Addr    Load Addr    Size         Type   Attr      Idx    E Section Name        Object

    0x2007c000   0x0001a3c4   0x00000028   Data   RW            4    .data               blinky.o
    0x2007c028   0x0001a3ec   0x00000007   Data   RW          162    .data               irq.o
    0x2007c02f   0x0001a3f3   0x00000001   PAD
    0x2007c030   0x0001a3f4   0x00000002   Data   RW          232    .data               adcuser.o
    0x2007c032   0x0001a3f6   0x00000002   PAD
    0x2007c034   0x0001a3f8   0x00000028   Data   RW          261    .data               usbcore.o
    0x2007c05c   0x0001a420   0x00000008   Data   RW          340    .data               usbhw.o
    0x2007c064        -       0x00000080   Zero   RW          338    .bss                usbhw.o
    0x2007c0e4   0x0001a428   0x00000004   PAD
    0x2007c0e8        -       0x00000200   Zero   RW          390    STACK               startup_lpc17xx_1.o


==============================================================================

Image component sizes


      Code (inc. data)   RO Data    RW Data    ZI Data      Debug   Object Name

       232         16          0          2          0       1600   adcuser.o
      2260        734      87804         40         20      35611   blinky.o
      2972         52       6272          5          0       9472   glcd_spi_lpc1700.o
       124         16          0          7          0        726   irq.o
        92         18          0          0          0        750   kbd.o
       172         14         32          0          0       1373   led.o
        64         26        204          0        512        920   startup_lpc17xx_1.o
      1064         42          0          8          0       1235   system_lpc17xx_1.o
      2344        206          0         40         64       8135   usbcore.o
         0          0        228          0          0        621   usbdesc.o
      2184        140         16          8        672       8515   usbhw.o
       224         22         64          0          0       3215   usbuser.o

    ----------------------------------------------------------------------
     11732       1286      94684        116       1272      72173   Object Totals
         0          0         64          0          0          0   (incl. Generated)
         0          0          0          6          4          0   (incl. Padding)

    ----------------------------------------------------------------------

      Code (inc. data)   RO Data    RW Data    ZI Data      Debug   Library Member Name

         8          0          0          0          0         68   __main.o
       104          0          0          0          0         84   __printf.o
         0          0          0          0          0          0   __rtentry.o
        12          0          0          0          0          0   __rtentry2.o
         6          0          0          0          0          0   __rtentry4.o
        52          8          0          0          0          0   __scatter.o
        26          0          0          0          0          0   __scatter_copy.o
        28          0          0          0          0          0   __scatter_zi.o
        48          6          0          0          0         96   _printf_char_common.o
         6          0          0          0          0          0   _printf_d.o
       120         16          0          0          0         92   _printf_dec.o
       178          0          0          0          0         88   _printf_intcommon.o
         0          0          0          0          0          0   _printf_percent.o
         4          0          0          0          0          0   _printf_percent_end.o
        10          0          0          0          0         68   _sputc.o
        18          0          0          0          0         80   exit.o
         6          0          0          0          0        152   heapauxi.o
         0          0          0          0          0          0   indicate_semi.o
         2          0          0          0          0          0   libinit.o
         2          0          0          0          0          0   libinit2.o
         2          0          0          0          0          0   libshutdown.o
         2          0          0          0          0          0   libshutdown2.o
         8          4          0          0         96         68   libspace.o
       238          0          0          0          0        100   lludivv7m.o
        40          6          0          0          0         84   noretval__2sprintf.o
         2          0          0          0          0          0   rtexit.o
        10          0          0          0          0          0   rtexit2.o
        12          4          0          0          0         68   sys_exit.o
        74          0          0          0          0         80   sys_stackheap_outer.o
         2          0          0          0          0         68   use_no_semi.o

    ----------------------------------------------------------------------
      1028         44          0          0        100       1196   Library Totals
         8          0          0          0          4          0   (incl. Padding)

    ----------------------------------------------------------------------

      Code (inc. data)   RO Data    RW Data    ZI Data      Debug   Library Name

      1020         44          0          0         96       1196   c_w.l

    ----------------------------------------------------------------------
      1028         44          0          0        100       1196   Library Totals

    ----------------------------------------------------------------------

==============================================================================


      Code (inc. data)   RO Data    RW Data    ZI Data      Debug   

     12760       1330      94684        116       1372      71545   Grand Totals
     12760       1330      94684        116       1372      71545   ELF Image Totals
     12760       1330      94684        116          0          0   ROM Totals

==============================================================================

    Total RO  Size (Code + RO Data)               107444 ( 104.93kB)
    Total RW  Size (RW Data + ZI Data)              1488 (   1.45kB)
    Total ROM Size (Code + RO Data + RW Data)     107560 ( 105.04kB)

==============================================================================

